ab
P@5:0.0974074074074074 R@5:0.09729929707732149 F1@5:0.09735332222839164
P@10:0.07666666666666666 R@10:0.15316315205327413 F1@10:0.10218437615697888
P@15:0.06345679012345679 R@15:0.1901590825009249 F1@15:0.09515875219846338
ht
P@5:0.10448314190440904 R@5:0.10432852386237514 F1@5:0.10440577563865235
P@10:0.07626636311895275 R@10:0.14872364039955605 F1@10:0.10082768999247554
P@15:0.06238239976841801 R@15:0.15945246022937476 F1@15:0.0896795672076571
ah
P@5:0.10592592592592592 R@5:0.10580836108028117 F1@5:0.10586711086433462
P@10:0.08537037037037037 R@10:0.17055123936367 F1@10:0.11378501789460693
P@15:0.07271604938271604 R@15:0.21790603033666298 F1@15:0.10904378413403683
ha
P@5:0.10074074074074074 R@5:0.10062893081761007 F1@5:0.10068480473810845
P@10:0.08722222222222223 R@10:0.17425083240843509 F1@10:0.1162532395409108
P@15:0.07518518518518519 R@15:0.2253052164261931 F1@15:0.11274645931685644
reserve_4
ab
P@5:0.09851851851851852 R@5:0.09840917499075101 F1@5:0.09846381639829725
P@10:0.07261948869951834 R@10:0.14502404735479096 F1@10:0.0967781755338847
P@15:0.05718529520980319 R@15:0.1709211986681465 F1@15:0.08569838619922092
aht
P@5:0.11148148148148149 R@5:0.11135775064742878 F1@5:0.11141958171386267
P@10:0.08481481481481482 R@10:0.16944136145024047 F1@10:0.1130445514007158
P@15:0.07015810276679842 R@15:0.2101368849426563 F1@15:0.10519492545606074
hat
P@5:0.10703703703703704 R@5:0.1069182389937107 F1@5:0.10697760503424024
P@10:0.08703703703703704 R@10:0.17388087310395856 F1@10:0.1160064173762804
P@15:0.07188735177865613 R@15:0.2153163152053274 F1@15:0.10778775812575238
reserve_5
ab
P@5:0.09966654316413487 R@5:0.09951905290418055 F1@5:0.09959274342835986
P@10:0.07549274823354407 R@10:0.15020347761746208 F1@10:0.10048261353792848
P@15:0.05837595110390421 R@15:0.17314095449500555 F1@15:0.08731343283582091
aht
P@5:0.11222222222222222 R@5:0.1120976692563818 F1@5:0.1121599111604664
P@10:0.0862962962962963 R@10:0.17240103588605254 F1@10:0.11501912871775886
P@15:0.07126976284584981 R@15:0.2134665186829449 F1@15:0.10686174645800538
hat
P@5:0.10777777777777778 R@5:0.1076581576026637 F1@5:0.10771793448084396
P@10:0.08907407407407407 R@10:0.17795042545320014 F1@10:0.11872146118721462
P@15:0.07275197628458498 R@15:0.21790603033666298 F1@15:0.1090841744605982
reserve_6
ab
P@5:0.09681008902077151 R@5:0.09655937846836848 F1@5:0.09668457121689202
P@10:0.07614403600900226 R@10:0.15020347761746208 F1@10:0.10105787181082763
P@15:0.06091370558375635 R@15:0.17758046614872364 F1@15:0.09071151847302276
aht
P@5:0.10925925925925926 R@5:0.10913799482056974 F1@5:0.10919859337405144
P@10:0.08666666666666667 R@10:0.17314095449500555 F1@10:0.11551277304701962
P@15:0.07225790513833992 R@15:0.21642619311875694 F1@15:0.1083433651264006
hat
P@5:0.10296296296296296 R@5:0.10284868664446911 F1@5:0.10290579307791967
P@10:0.08944444444444444 R@10:0.17869034406215317 F1@10:0.11921510551647536
P@15:0.0741106719367589 R@15:0.22197558268590456 F1@15:0.11112140012964164
reserve_7
ab
P@5:0.09739776951672863 R@5:0.09692933777284499 F1@5:0.09716298905989246
P@10:0.0771149050450796 R@10:0.14872364039955605 F1@10:0.10156644770085901
P@15:0.06126769882228397 R@15:0.171291157972623 F1@15:0.09025341130604288
aht
P@5:0.11185185185185186 R@5:0.11172770995190529 F1@5:0.11178974643716452
P@10:0.08668271902204112 R@10:0.17314095449500555 F1@10:0.11552703036287337
P@15:0.0705358247741616 R@15:0.21087680355160932 F1@15:0.10571216617210683
hat
P@5:0.10444444444444445 R@5:0.10432852386237514 F1@5:0.10438645197112716
P@10:0.0889053528431191 R@10:0.17758046614872364 F1@10:0.11848926191063934
P@15:0.07264851485148514 R@15:0.21716611172770994 F1@15:0.10887508114624872
reserve_8
ab
P@5:0.0976882923191648 R@5:0.09692933777284499 F1@5:0.09730733519034354
P@10:0.07628622117090479 R@10:0.14317425083240842 F1@10:0.09953703703703703
P@15:0.06259649122807018 R@15:0.16500184979652238 F1@15:0.09076109076109076
aht
P@5:0.10925925925925926 R@5:0.10913799482056974 F1@5:0.10919859337405144
P@10:0.0848305241711428 R@10:0.16944136145024047 F1@10:0.11305850407306837
P@15:0.0696665427048469 R@15:0.20791712911579727 F1@15:0.10436397400185701
hat
P@5:0.10444444444444445 R@5:0.10432852386237514 F1@5:0.10438645197112716
P@10:0.08742359696240044 R@10:0.1746207917129116 F1@10:0.11651444087879535
P@15:0.0714108604016861 R@15:0.21309655937846836 F1@15:0.10697372086544711
