ab
P@5:0.09555555555555556 R@5:0.09544950055493896 F1@5:0.0955024986118823
P@10:0.075 R@10:0.14983351831298558 F1@10:0.09996297667530543
P@15:0.06123456790123457 R@15:0.18349981502034776 F1@15:0.09182634453392577
ht
P@5:0.09892552797332345 R@5:0.09877913429522753 F1@5:0.09885227693446871
P@10:0.07607664579776134 R@10:0.14835368109507954 F1@10:0.10057687484324054
P@15:0.06238239976841801 R@15:0.15945246022937476 F1@15:0.0896795672076571
ah
P@5:0.1 R@5:0.09988901220865705 F1@5:0.09994447529150471
P@10:0.0862962962962963 R@10:0.17240103588605254 F1@10:0.11501912871775886
P@15:0.07160493827160494 R@15:0.2145763965963744 F1@15:0.10737758030176801
ha
P@5:0.09962962962962962 R@5:0.09951905290418055 F1@5:0.09957431056820285
P@10:0.08407407407407408 R@10:0.16796152423233443 F1@10:0.11205726274219424
P@15:0.07148148148148148 R@15:0.2142064372918979 F1@15:0.10719244654262702
reserve_1
reserve_4
ab
P@5:0.09555555555555556 R@5:0.09544950055493896 F1@5:0.0955024986118823
P@10:0.07298999629492404 R@10:0.145763965963744 F1@10:0.0972719417355882
P@15:0.056318851342987995 R@15:0.16833148353681096 F1@15:0.08439992580226303
aht
P@5:0.10518518518518519 R@5:0.10506844247132816 F1@5:0.10512678141773088
P@10:0.08518518518518518 R@10:0.1701812800591935 F1@10:0.11353819572997656
P@15:0.07139328063241107 R@15:0.2138364779874214 F1@15:0.10704694879155478
hat
P@5:0.10629629629629629 R@5:0.10617832038475768 F1@5:0.10623727558763649
P@10:0.08537037037037037 R@10:0.17055123936367 F1@10:0.11378501789460693
P@15:0.07126976284584981 R@15:0.2134665186829449 F1@15:0.10686174645800538
reserve_5
ab
P@5:0.09855502037791775 R@5:0.09840917499075101 F1@5:0.09848204368752313
P@10:0.07474897731498699 R@10:0.14872364039955605 F1@10:0.09949263704987008
P@15:0.05850068604216041 R@15:0.17351091379948205 F1@15:0.0875
aht
P@5:0.10592592592592592 R@5:0.10580836108028117 F1@5:0.10586711086433462
P@10:0.08462962962962962 R@10:0.16907140214576397 F1@10:0.11279772923608539
P@15:0.07052865612648221 R@15:0.21124676285608582 F1@15:0.10575053245670896
hat
P@5:0.10481481481481482 R@5:0.10469848316685165 F1@5:0.10475661669442903
P@10:0.08666666666666667 R@10:0.17314095449500555 F1@10:0.11551277304701962
P@15:0.070899209486166 R@15:0.21235664076951535 F1@15:0.10630613945735716
reserve_6
ab
P@5:0.09866468842729971 R@5:0.09840917499075101 F1@5:0.09853676606779034
P@10:0.07483120780195049 R@10:0.14761376248612654 F1@10:0.09931549471064095
P@15:0.06129441624365482 R@15:0.17869034406215317 F1@15:0.09127846546347916
aht
P@5:0.1037037037037037 R@5:0.10358860525342212 F1@5:0.10364612252452342
P@10:0.0875925925925926 R@10:0.1749907510173881 F1@10:0.11674688387017153
P@15:0.07126976284584981 R@15:0.2134665186829449 F1@15:0.10686174645800538
hat
P@5:0.10518518518518519 R@5:0.10506844247132816 F1@5:0.10512678141773088
P@10:0.0887037037037037 R@10:0.17721050684424713 F1@10:0.11822781685795385
P@15:0.0716403162055336 R@15:0.2145763965963744 F1@15:0.1074173534586536
reserve_7
ab
P@5:0.09591078066914498 R@5:0.09544950055493896 F1@5:0.09567958464676432
P@10:0.07481296758104738 R@10:0.14428412874583796 F1@10:0.09853461344113189
P@15:0.06179700939526267 R@15:0.17277099519052905 F1@15:0.09103313840155947
aht
P@5:0.10629629629629629 R@5:0.10617832038475768 F1@5:0.10623727558763649
P@10:0.08520096314132247 R@10:0.1701812800591935 F1@10:0.1135522093310294
P@15:0.07028833065214701 R@15:0.2101368849426563 F1@15:0.10534124629080119
hat
P@5:0.10666666666666667 R@5:0.10654827968923418 F1@5:0.10660744031093837
P@10:0.08649749953695128 R@10:0.17277099519052905 F1@10:0.11528017773389286
P@15:0.07042079207920791 R@15:0.2105068442471328 F1@15:0.10553649262728369
reserve_8
ab
P@5:0.0924683072334079 R@5:0.09174990751017388 F1@5:0.09210770659238625
P@10:0.07431500098561009 R@10:0.13947465778764337 F1@10:0.09696502057613168
P@15:0.06147368421052631 R@15:0.16204217536071033 F1@15:0.08913308913308912
aht
P@5:0.10555555555555556 R@5:0.10543840177580466 F1@5:0.10549694614103275
P@10:0.08520096314132247 R@10:0.1701812800591935 F1@10:0.1135522093310294
P@15:0.06892277178628982 R@15:0.20569737328893822 F1@15:0.10324976787372331
hat
P@5:0.10592592592592592 R@5:0.10580836108028117 F1@5:0.10586711086433462
P@10:0.08557140211150213 R@10:0.1709211986681465 F1@10:0.11404591458899038
P@15:0.06955120257872552 R@15:0.20754716981132076 F1@15:0.10418794688457608
