Start Testing ...
TOP-K 0: ['mining quarries', 'sentinel-2 level-2', 'soil moisture dynamics', 'post-mining rehabilitation efforts', 'ndvi', 'machine learning techniques', 'normalized difference vegetation index', 'data interpolation', 'cross-validation techniques', 'vegetation health', 'sentinel-2 data', 'inconsistencies', 'data', ['self-organizing map'], 'natural reference areas'] 

Reference 0: ['remote sensing', 'self-organizing maps', 'vegetation indices', 'soil moisture monitoring', 'sentinel-2 imagery', 'ecosystem restoration'] 

TOP-K 1: ['nitrate-vulnerable areas', 'almyros aquifer', 'almyros groundwater system', 'nitrate vulnerability', 'nitrate contamination risk', 'significant nitrate contamination', 'nitrate contamination vulnerability', 'nitrate concentrations', 'land use factors', 'southeastern aquifer areas', 'land use changes', 'high nitrate vulnerability', 'porous aquifers', 'intensive agricultural activities', 'nitrate vulnerability assessments'] 

Reference 1: ['agricultural basin', 'groundwater vulnerability', 'pollution to nitrates', 'drastic-lu', 'canter-lu', 'ahp'] 

TOP-K 2: ['anthropogenic gadolinium', 'gadolinium', ['urban aquifers'], 'gdant', 'gadolinium pollution', 'gadolinium attenuation', 'aquifers', 'urban groundwater', 'gadolinium anomalies', 'urban water bodies', 'groundwater', 'rare earth elements', ['sorption'], 'anthropogenic substances', 'surface water'] 

Reference 2: ['gadolinium-based contrast agents', 'urban aquifer', 'hydrochemical modelling', 'batch experiment', 'sorption'] 

TOP-K 3: ['biodegradable plastics', 'biodegradable microplastics', 'microplastics', ['nutrient depletion'], 'biodegradable plastic materials', 'photosynthetic pigment concentration', 'plant-microbe interactions', 'polyethylene terephthalate', 'p3hb', 'ecological concerns', 'p3hb microplastics', 'short-term exposure', 'nutrient loss', 'plant-based ecotoxicological assessments', 'biodegradable alternatives'] 

Reference 3: ['aquatic macrophytes', 'nutrient depletion', 'root elongation', 'ecotoxicity', 'chronic exposure'] 

TOP-K 4: ['nutrient pollution', 'charlotte harbor', 'anthropogenic activities', 'tn', 'phosphate mining', 'florida', 'septic systems', 'estuarine ecosystems', 'peace river watershed', ['nutrient loading'], 'phosphate mining lands', 'agricultural lands', 'field-scale sub-models', 'hotspot areas', ['coastal watershed']] 

Reference 4: ['coastal watershed', 'source area', 'nutrient loading', 'nitrogen', 'phosphorus'] 

TOP-K 5: ['pi-m-pmda', 'dcf', 'green polyimide adsorbent', 'fourier-transform infrared spectroscopy', 'dcf removal', 'x-ray photoelectron spectroscopy', 'adsorption', 'pi m-pmda', 'adsorption efficiency', 'microwave-assisted ionothermal method', 'physicochemical forces', 'high-performance adsorbent', 'adsorption process studies', 'green ionothermal method', 'langmuir adsorption capacity'] 

Reference 5: ['green synthesis', 'porous polyimide', 'pharmaceutical pollutant', 'adsorption mechanism'] 

TOP-K 6: [['cruciferin protein flocculant'], 'cruciferin protein', 'cpf', 'molecular docking', 'cpf-med interactions', ['mustard oil cake'], 'ftir spectroscopy', 'antibiotic effluent management', 'eco-friendly bioflocculant', 'conventional flocculants', 'ftir', 'med removal', 'box-behnken design', 'pharmaceutical contaminants', 'cpf-med interaction'] 

Reference 6: ['mustard oil cake', 'cruciferin protein flocculant', 'autodock vina', 'metronidazole', 'perikinetics', 'circular economy', 'agro-waste valorisation', 'pharmaceutical effluent'] 

TOP-K 7: ['phytoplankton', 'naroch lakes ecosystem', 'naroch lakes', ['phytoplankton growth rate'], 'kdd approach', 'phosphorus concentrations', ['nutrient load'], 'dreissena polymorpha invasion', 'long-term monitoring', 'plankton', 'p/b ratio', ['gross primary production'], 'photosynthetic capacity', 'phosphorus load', 'various nutrient loads'] 

Reference 7: ['nutrient load', 'phosphorus', 'nitrogen', 'gross primary production', 'phytoplankton growth rate', 'the kdd approach'] 

TOP-K 8: [['flow electrode capacitive deionization'], 'fcdi', ['phosphate removal'], 'nutrient recovery', 'cb-based flow electrodes', 'ion exchange membranes', 'x-ray photoelectron spectroscopy', 'energy dispersive x-ray', 'carbon black flow electrode', 'time-dependent phosphate concentration', 'narrow-channel crossflow reactor', 'x-ray diffraction', 'cb', 'flow electrode', 'ac'] 

Reference 8: ['flow electrode capacitive deionization', 'carbon black', 'activated carbon', 'phosphate removal', 'removal and recovery', 'response surface methodology', 'optimization'] 

TOP-K 9: ['regulated river reaches', 'long-term streamflow sustainability', 'climate change', 'rushikulya river', 'anthropogenic activities', 'future challenges', 'unaltered river', 'ecological flow sustainability', 'future climatic scenarios', 'ssp2-4.5', 'societal well-being', 'streamflow', ['environmental flow envelope'], 'efe violations', ['future climate change']] 

Reference 9: ['environmental flow envelope', 'streamflow violations', 'regulated river', 'future climate change', 'reliability', 'resilience', 'violation ratio', 'violation frequency', 'cmip6'] 

TOP-K 10: ['composites', 'geese feathers', 'natural fiber matrices', 'kapok fibers', 'lubricant oil 20w50', 'oil removal', 'oil sorption capacity', 'cp', 'cnp', 'oil spill accidents', 'castor oil', 'model pollutant', 'present work', 'sorption capacity', 'ceiba pentandra'] 

Reference 10: ['oil spill remediation', 'contaminated seabird', 'natural fibers', 'kapok', 'sorbent materials', 'composite regeneration'] 

TOP-K 11: ['mxene nanosheets', 'mxene-modified nanofiltration membranes', 'mixed matrix nanofiltration membranes', ['nanofiltration membranes'], 'hcl/lif etchant solution', ['actual textile wastewater'], 'chemical oxygen demand', 'unmodified pes membrane', 'textile wastewater', 'actual textile industry wastewater', 'mixed matrix membranes', 'water reuse', 'membranes', 'titanium aluminum carbide', 'mild etching method'] 

Reference 11: ['actual textile wastewater', 'mxene', 'nanofiltration membrane', 'cod removal', 'wastewater treatment'] 

TOP-K 12: ['climate change', ['water infrastructure'], ['climate change adaptation'], 'mediterranean region', ['water infrastructures'], 'cc', 'wi', 'critical infrastructure', 'greece', 'adaptation', 'climate change assessment', 'drinking water', 'vulnerability assessment', 'adaptation measures', 'academic curricula'] 

Reference 12: ['climate change adaptation', 'water infrastructure', 'climate proofing', 'climate risk and vulnerability assessment'] 

TOP-K 13: ['microplastics', 'microplastic contamination', 'high-density polyethylene', 'microplastics research', 'low-density polyethylene', 'hdpe', 'vaal river', 'microplastic occurrence', 'south africa', 'coastal areas', 'ldpe', 'mps', 'raman spectroscopy', 'surface water', 'nikon stereomicroscope'] 

Reference 13: ['physical characteristics', 'polymer composition', 'size', 'shape'] 

TOP-K 14: ['canary islands', 'cost recovery', 'cost recovery method', 'non-financial recovery', 'stochastic frontier model', 'water infrastructure methods', 'water services', 'water framework directive', 'different water production techniques', 'water management', 'cost-recovery mechanism', 'financial costs', 'islands', 'water tariffs', 'income classification'] 

Reference 14: ['river basin management plan', 'water pricing', 'water management efficiency', 'economic instruments'] 

TOP-K 15: ['axarquia', 'subtropical crop expansion', 'water', ['subtropical crops'], 'water-energy confluence', 'climate change mitigation', 'energy-intensive processes', 'regional resource dynamics', 'water demand', 'carbon footprint balance', 'regional resources', 'water deficit', 'emissions', 'co2 emissions', 'widening water deficit'] 

Reference 15: ['water-energy nexus', 'carbon balance', 'axarquia (spain)', 'deficit irrigation', 'non-conventional water sources', 'subtropical crops', 'climate change', 'co2 equivalent'] 

TOP-K 16: ['drinking water treatment plants', 'sludge treatment plants', 'high sludge dry solids', 'flocs', 'sludge', 'automatic polymer dosage control', ['image analysis'], 'floc conditions', ['polymer dosage'], 'floc gaps', 'plants', 'floc gap area', ['automatic control'], 'internet protocol camera', 'study'] 

Reference 16: ['dewatering plant', 'polymer dosage', 'flocculation', 'image analysis', 'semantic segmentation', 'automatic control'] 

TOP-K 17: ['in-stream bioreactors', ['septic systems'], 'in-stream practices', 'nutrient-sensitive water', 'nitrogen treatment', 'in-stream bioreactor', ['nitrogen'], 'ibrs', 'residential sub-watersheds', 'water quality', 'ibr', ['denitrification'], 'isotopic fractionation', 'tdn', 'surface water'] 

Reference 17: ['nitrogen', 'bioreactor', 'wastewater', 'denitrification', 'in-stream processing', 'septic system'] 

TOP-K 18: ['faecal indicator bacteria', 'fib monitoring', 'e', 'fluorescence excitation-emission matrices', 'fib', 'l-tryptophan', 'specific fluorescence regions', 'indole', 'wavelength-specific fluorescence signals', 'unique fluorescence signatures', 'l-tryptophan concentrations', ['indole pulse'], 'current monitoring methods', 'laboratory testing', 'real-time monitoring'] 

Reference 18: ['water quality monitoring', 'fluorescence spectroscopy', 'e. coli', 'tryptophan', 'indole pulse'] 

TOP-K 19: ['oil', 'sandy tidal flat shorelines', 'artificial beach mesocosms', 'simulated ifo-40 oil', 'shoreline oiling', 'low energy tidal cycles', 'natural attenuation potential', 'oil slick', 'coastal ecosystems', 'sandy tidal flat beaches', 'sandy beach', 'low molecular weight n-alkanes', 'microeukaryote communities', 'sediment microbial communities', ['microbial communities']] 

Reference 19: ['microbial community', 'oil fate and effect', 'low energy tidal flushing', 'sediments'] 

TOP-K 20: ['heavy metals', 'hms', 'hg', 'cd', ['urban rivers'], 'environmental quality standards', 'carcinogenic risks', 'health risk', 'urban river systems', 'risk zones', 'river water', 'haihe river systems', 'ecological risk assessment models', 'china', 'urban river sediments'] 

Reference 20: ['cadmium', 'urban rivers', 'sediments', 'spatial–temporal distribution', 'risks', 'co-occurrence'] 

TOP-K 21: ['flood', 'red river basin', 'bridge', ['red river'], 'floods', ['hec-ras model'], 'colorado state university', ['flood maps'], 'north dakota', '16.5-year return period', 'grafton city', 'hydraulic structure failure', 'asv', 'cold region rivers', 'grand forks'] 

Reference 21: ['contraction scour depth', 'flood mapping', 'hec-ras model', 'lidar data', 'manning n-coefficient', 'red river'] 

TOP-K 22: ['p-hba', ['zeolites'], 'phenolic compound', 'zsm-5', ['zeolite'], 'adsorption', 'adsorbed p-hba', 'high silica zeolites', 'natural organic substances', 'ph', 'distinct high-silica zeolite materials', 'adsorption process', 'toluene', 'organic substances', 'tol'] 

Reference 22: ['organic contaminants', 'lignin derived phenolic compounds', 'zeolites', 'water remediation', 'competitive adsorption'] 

TOP-K 23: ['xenobiotic textile wastewater', 'three-dimensional electrochemical process', 'direct electrooxidation and.oh generation', 'graphite intercalation compound', 'artificial intelligence', 'mo-polluted wastewater', 'machine learning', 'ann', 'three-dimensional electrochemical reactor', ['artificial neural networks'], 'additional adsorption technology', ['monte carlo simulations'], 'synergistic performance', 'machine learning algorithms', 'mo removal efficiency'] 

Reference 23: ['dye removal', 'adsorption and electrochemical treatment', 'artificial neural network', 'support vector machine', 'random forest', 'monte carlo simulation'] 

TOP-K 24: ['peatland carbon cycling', 'sphagnum-dominated peatlands', 'peat biogeochemistry', 'australian alpine peatlands', 'bogong high plains', 'peat soil carbon', 'long-term carbon flux studies', 'shallow peat depths', 'peat c', 'ch4 fluxes', 'peat depths', 'small spatial scales', 'multiple peatland sites', 'southeastern australia', 'peat cores'] 

Reference 24: ['alpine', 'carbon emissions', 'disturbance', 'soil carbon', 'sphagnum', 'subalpine'] 

TOP-K 25: ['4-amino 2,2,6,6-tetramethylpiperidine-1-oxyl', ['doxorubicin'], 'one-pot hydrothermal synthesis', 'x-ray photoelectron spectroscopy', 'hydrogen peroxide', 'electron spin resonance spectroscopy', 'hydrochar', ['methylene blue'], 'straightforward one-pot hydrothermal route', ['functionalized hydrochar'], 'infrared spectroscopy', 'spherical morphology', ['environmental remediation'], 'free radicals', ['stable free radicals']] 

Reference 25: ['honey', 'hydrothermal', 'functionalized hydrochar', 'stable free radical', 'dye removal', 'methylene blue', 'doxorubicin', 'fluorescein', 'environmental remediation'] 

TOP-K 26: ['re-adsorption', 'adsorbed pharmaceuticals', 'antibiotics', 'antibiotic desorption', ['desorption'], 'gac', 'unintended desorption', 'ph regime', 'aqueous media', 'subsequent re-adsorption', 'neutral ph', ['antibiotic resistance'], 'gac mesopore content', 'mesopore content', 'reversed concentration gradient'] 

Reference 26: ['desorption', 'vancomycin', 'rifampicin', 'activated carbon', 'antibiotic resistance', 'water treatment'] 

TOP-K 27: ['fish ponds', 'phosphorus mobilization', 'hysteresis loops', 'recurrent flood waves', 'phosphorus', 'sediment', ['phosphorus transport'], 'sediment transport', 'floods', 'agricultural headwater section', 'small reservoirs', 'sediment mobilization', 'sediment dynamics', 'phosphorus concentrations', 'event-based flood models'] 

Reference 27: ['stream transport capacity', 'soil loss modelling', 'phosphorus transport', 'sediment concentration', 'eutrophication'] 

TOP-K 28: ['flood protection', 'aquatic habitats', ['river restoration'], 'river ecosystems', 'stream habitats', 'environmental flow analysis', 'sub-mountain streams', 'river habitat', 'sefa', 'small datasets', 'hydrometric measurements', 'hydraulic modelling', 'sefa model', 'habitat preferences', 'river organisms'] 

Reference 28: ['river restoration', 'habitat quality', 'system of environmental flow analysis', 'regression analysis', 'machine learning'] 

TOP-K 29: ['electro-absorption technology', ['electro-absorption'], ['benzene'], 'p-xylene degradation', ['p-xylene'], 'xylene', 'mineralization', 'representative vocs', 'gaseous streams', 'volatile organic compounds', 'low water solubility', 'absorption process', ['jet mixer'], 'electrochemical technology', 'vocs'] 

Reference 29: ['gas treatment', 'electro-absorption', 'benzene', 'p-xylene', 'packed column', 'jet mixer'] 

TOP-K 30: ['groundwater dependent ecosystems', 'groundwater-dependent ecosystem services', 'gdes services', 'gdes', 'anthropogenic activities', 'un sustainable development goals', 'land-scoring mapping technique', 'gdes services classification', ['groundwater footprint'], 'mapping tools', 'un sdgs', ['ecosystem services'], 'potential hotspots', 'expert opinion survey', 'groundwater abstraction c'] 

Reference 30: ['groundwater footprint', 'expert opinion', 'land-scoring mapping method', 'ecosystem services', 'sdgs', 'environmental flow'] 

TOP-K 31: ['climate change', 'climate change impacts', 'evapotranspiration', 'northern greece', ['meteorological drought'], 'water resources', 'climate change projections', 'platanovrisi river basin', 'climate change impact', ['hydrological model'], 'sustainable water management', 'socioeconomic pathways', 'calibrated-validated hydrological model', ['rainfall'], 'present work'] 

Reference 31: ['gr2m', 'hydrological modeling', 'ssp1-2.6 and ssp5-8.5', 'climate change impact assessment', 'cmip6', 'temperature', 'rainfall', 'meteorological drought'] 

TOP-K 32: ['water treatment residuals', 'dwtr', ['phosphate adsorption'], 'sludge by-products', 'dwtr reuse', 'dwtr properties', 'phosphate adsorption capacity', 'adsorption capacity', 'different dwtr', 'adsorption capacities', 'adsorbent material', 'decision-making process', 'neutral ph', 'drinking water treatment plants', 'raw water characteristics'] 

Reference 32: ['drinking water treatment sludge reuse', 'sludge characterization', 'phosphate adsorption', 'water treatment'] 

TOP-K 33: ['anaerobic digestion', 'cotton stalks', 'cotton stalk', ['rumen microbiota'], 'acetoclastic methanothrix', 'biogas production', 'cotton stalk digestion', 'continuous stirred-tank reactors', ['rumen fluid'], ['cotton stalk residues'], ['candidatus cloacimonas'], 'cotton stalks treatment', 'high biogas production', 'syntrophic bacteria', 'rcot'] 

Reference 33: ['cotton stalk residues', 'lignocellulose', 'rumen fluid', 'rumen microbiota', 'candidatus cloacimonas', 'methanothrix'] 

TOP-K 34: ['small mediterranean islands', 'water scarcity', 'wind turbines', 'water-energy nexus', ['desalination'], 'small islands', ['hybrid renewable energy system'], 'renewable energy', 'hres', 'energy storage', 'hydro storage', 'innovative storage solutions', 'innovative desalination', 'sustainable solutions', 'cost-effective solutions'] 

Reference 34: ['water management', 'pumped hydro storage', 'hydrogen storage solution', 'desalination', 'hybrid renewable energy systems', 'paxos and antipaxos islands'] 

TOP-K 35: ['q-fcm methodology', 'water resources management', 'rural lissos river basin', ['fuzzy cognitive maps'], 'water resources', 'q-fcm approach', ['mediterranean river basin'], 'water use conflicts', 'anthropogenic pressures', 'quasi-nonlinear fcm', 'wrm', 'conflict-prone basins', 'innovative modeling techniques', 'innovative management strategies', 'human-centered trends'] 

Reference 35: ['fuzzy cognitive maps', 'stakeholder engagement', 'integrated water resources management', 'mediterranean river basin', 'partnerships for the goals'] 

TOP-K 36: ['pipe freeze crystallization', 'pfc', 'na2so4', 'effluent treatment plant', 'high-purity ice', 'leachate', 'hazardous landfill leachate', 'evaporative-based methods', 'resource recovery', 'energy consumption', 'hazardous leachate treatment', 'secondary refrigerant mixture', 'zero-waste management goals', 'environmental compliance', 'kwh t-1'] 

Reference 36: ['sustainable wastewater treatment', 'energy-efficient desalination', 'resource recovery technology', 'zero-waste wastewater treatment', 'industrial effluent treatment'] 

TOP-K 37: [['hcho'], 'hcho concentrations', 'urban hcho concentrations', 'urban air quality', 'hcho levels', 'hazardous air pollutant', 'hcho concentration levels', 'urban green spaces', 'human health', 'multiscale geographically weighted regression', 'human-induced variables', 'vilnius city centre', 'outdoor hcho levels', 'volatile organic compounds', 'environmental variables'] 

Reference 37: ['urban environment', 'formaldehyde', 'hcho', 'outdoor air pollution', 'ecosystem services', 'air quality', 'vilnius'] 

TOP-K 38: ['algal-bacteria consortia', 'nutrient removal', 'algal-bacteria consortia behavior', 'algal-bacteria cultures', 'nutrient removal mechanism', 'nutrient elimination', 'microalgae growth', 'different environmental conditions', 'wastewater treatment systems', 'air supply', 'continuous light irradiation', 'phosphorus removal', 'aeration culture', ['nitrates'], 'refeeding'] 

Reference 38: ['wastewater treatment', 'microalgae-bacteria consortia', 'nitrates', 'phosphorus', 'removal kinetics', 'dark-light conditions'] 

TOP-K 39: ['orange peel biochar', 'aminophenol adsorption', 'aminophenol', 'phenolic compounds', 'low-temperature pyrolysis', 'low-temperature pyrolysis process', 'aminophenol adsorption process', 'potassium hydroxide', 'orange peel', 'adsorption', 'novel koh pre-treatment', 'low-temperature pretreated biochar', 'adsorption efficiency', 'optimum adsorption conditions', 'koh-treated orange peel'] 

Reference 39: ['biomass valorisation', 'pyrolysis', 'wastewater treatment', 'dynamic column adsorption', 'adsorbent regeneration'] 

TOP-K 40: ['args', ['antibiotic-resistant bacteria'], 'ar e', ['antibiotic resistance genes'], 'uv irradiation', 'nature-based system', 'uv', 'conventional wwtps', 'conventional wwtp', 'high uv disinfection doses', 'inti1', 'antibiotic-resistant strains', 'natural system', 'sludge wastewater treatment plant', 'cws'] 

Reference 40: ['antibiotic-resistant bacteria', 'antibiotic resistance genes', 'chlorination', 'constructed wetlands', 'upflow anaerobic sludge blanket reactors', 'uv disinfection'] 

TOP-K 41: ['open-source sql database', 'hydro-meteorological data', 'monthly open-source data aggregation', 'multi-user access environment', 'single mysql database', 'unified open-source platform', 'data', 'sustainable water resource planning', 'flood risk management', ['hydrological data'], 'data-driven policy making', 'meteorological stations', 'present work', 'user interface', ['meteorological data']] 

Reference 41: ['meteorological data', 'sql database', 'open-source', 'weather stations', 'crete region', 'hydrological data'] 

TOP-K 42: ['mwts', 'coal mine drainage', 'mwts lagoons', 'removal efficiency', 'r.e', 'ferric iron', 'full-scale mwts', ['iron removal'], 'potential ecological environmental problems', 'wetlands', 'cws treatment performance', 'ferrous iron', 'ph', 'distinct climatic conditions', 'rainfall patterns'] 

Reference 42: ['iron removal', 'seasonal variation', 'water treatment', 'full-scale lagoons', 'full-scale wetlands', 'mine discharge'] 

TOP-K 43: ['chiba watershed', 'managed aquifer recharge', 'long-term water sustainability', 'water availability', 'mar', 'multicriteria decision analysis', 'semiarid regions', 'infiltration basins', 'specific mar typologies', 'mar suitability criteria', 'groundwater management', 'suitable mar areas', 'groundwater storage', 'coastal areas', 'stakeholder-driven analytical hierarchical process'] 

Reference 43: ['mar typology', 'stakeholder-adapted approach', 'analytical hierarchical process', 'mar planning', 'decision-making'] 

TOP-K 44: ['ef', 'rivers?minimum streamflow requirements', 'lisflood large-scale hydrological model', 'ecological flow', 'climate change impacts', 'greece', 'ungauged rivers', 'rivers', 'greek legislation model', 'water management', 'greek legislation', ['environmental flow'], 'ef models', 'ef assessment', 'river discharges'] 

Reference 44: ['environmental flow', 'large scale hydrological modelling', 'ungauged basins', 'lisflood', 'greek rivers', 'water framework directive'] 

TOP-K 45: ['karst aquifers', 'subsurface karst flow', 'karst conduits', 'subsurface water flow', 'karst system dynamics', 'current hydrogeological methods', 'karst system', 'subsurface flows', 'small karst spring', ['ambient noise monitoring'], 'water management', 'ambient noise spectrograms', 'water flow dynamics', 'ambient noise surface monitoring', '7c12 hz frequency range'] 

Reference 45: ['karst hydrogeology', 'ambient noise monitoring', 'non-invasive investigation', 'flow dynamics and turbulence'] 

TOP-K 46: ['humus-accumulative genetic horizons', 'soil erosion degree', 'luvic chernozems', 'grey-luvic phaeozems', 'erosion degree', ['soil thickness'], 'forest-steppe zone', 'fluvisols', 'land management decisions', 'erosion maps', 'machine learning techniques', 'phaeozems soils', 'geology maps', 'soil characteristics', 'genetic horizons thicknesses'] 

Reference 46: ['digital soil mapping', 'erosion', 'machine learning', 'soil thickness', 'soil type'] 

TOP-K 47: ['polyethylene terephthalate', 'mps', 'microplastic hazards', 'wastewater treatment plants', 'microplastic particles', 'plastic products', 'polypropylene', 'semi-quantitative risk assessment model', 'hospital wastewater treatment plants', 'water resources', 'ftir analysis', 'environmental risks', 'hospital wastewater treatment plant', 'surface morphology', 'environment'] 

Reference 47: ['plastic', 'microplastic', 'hospital wastewater', 'polymer', 'abundance'] 

TOP-K 48: ['freshwater ecosystems', ['dinaric karst lakes'], 'rare freshwater ecosystems', 'freshwater ecological classification', 'specific karst lake habitats', 'european water framework directive', 'water quality', 'lake ecosystems', 'pressure-response relationships', 'anthropogenic pressures', 'natural lakes', 'lake macroinvertebrate communities', 'environmental management', 'stepwise linear regression model', 'lakes'] 

Reference 48: ['water quality assessment', 'dinaric karst lakes', 'freshwater management', 'macroinvertebrate bioassessment', 'reference conditions'] 

TOP-K 49: ['daily river water temperature', 'extreme learning machines', 'tw', 'elm', 'nashcsutcliffe efficiency', 'variational mode decomposition', ['orelm'], 'regularized extreme learning machine', 'vmd', ['wrelm'], 'river water temperature', 'missouri river', ['air temperature'], 'input variables', ['water temperature']] 

Reference 49: ['machine learning', 'air temperature', 'water temperature', 'river discharge', 'signal decomposition', 'extreme learning machine (elm)', 'orelm', 'relm', 'wrelm'] 

TOP-K 50: ['dsss', 'cc adaptation', 'climate change', 'water quality', 'dwss staff', ['drinking water system'], ['decision support systems'], 'climate change adaptation', 'dss tools', 'dws staff', 'drinking water', 'public servants', 'drinking water systems adaptation', 'attitudes', 'drinking water quality'] 

Reference 50: ['climate change impacts', 'adaptation', 'drinking water systems', 'perceptions', 'behaviors', 'decision support systems'] 

TOP-K 51: [['groundwater quality index'], 'gwqi', 'k-nearest neighbors', ['multi-gene genetic programming'], ['water quality parameters'], 'groundwater quality', 'artificial neural network', 'ml models', 'ml-based models', 'xgboost regression', 'ml-based estimation models', 'arid province', 'gp', 'ann', 'decision tree regression'] 

Reference 51: ['groundwater quality index', 'water quality parameters', 'machine learning', 'multi-gene genetic programming', 'xgboost'] 

TOP-K 52: ['decentralized water treatment', 'coagulation-flocculation process', 'coagulant type', 'carbon adsorption', 'decentralized water reuse', 'coagulation process', ['paint wastewater'], 'codcr', 'coagulant dosage', ['adsorption kinetics'], 'coagulation mechanism', 'industrial paint wastewater', 'ph value', 'coagulation settling volume ratio', 'water treatment'] 

Reference 52: ['paint wastewater', 'adsorption kinetics', 'coagulation', 'decentralized treatment', 'water reuse', 'sustainability'] 

TOP-K 53: [['fractured basalt'], ['groundwater pollution'], 'understanding', 'localized leachate percolation', 'electrical resistivity tomography', 'seismic refraction imaging', 'site conceptual flow model', 'sri', 'volcanic rock', 'sustainable groundwater management', 'research', 'fractured aquifers', 'geophysical data', 'environmental contamination', 'fractured-controlled rocks'] 

Reference 53: ['hydrogeophysics', 'geophysical imaging', 'fractured basalt', 'site conceptual model', 'groundwater pollution', 'landfills'] 

TOP-K 54: [['ivermectin'], 'ivm', 'veterinary products', 'antiparasite compound', 'grazing activities', 'anaerobic zone', 'labile om', 'om', 'soluble ivermectin', 'cattle fields', 'hematite', 'soils', 'organic matter', 'soluble ivm', 'wetlands ecosystems'] 

Reference 54: ['wetland pollution', 'antiparasitic drugs mobility', 'ivermectin', 'livestock', 'soil organic matter', 'environmental fate', 'environmental distribution'] 

TOP-K 55: ['cu-tio2-aluminosilicate nanocomposite', 'novel cu-tio2-aluminosilicate nanocomposite', ['promising photocatalyst'], 'novel photocatalyst', 'first-order kinetic model', 'photocatalysis process', 'ph', 'reusability experiments', 'remarkable photocatalytic activity', 'solvothermal process', 'chlorella sp', 'environmental issues', 'maximal photocatalytic degradation', 'experimental design', 'mutagenic effects'] 

Reference 55: ['cu-tio2-aluminosilicate', 'promising photocatalyst', 'taguchi method', 'toxicity assessment'] 

TOP-K 56: ['physico-chemo-hydro-mechanical performance', 'lead ion permeation', ['bentonite'], 'organoclay-amended bentonite', 'bnc', 'lead ion concentrations', 'metal adsorption capacity', 'comparative hydraulic barrier performance', 'compacted bentonite', 'conventional bentonite', ['organoclay'], 'chemical sensitivity', 'zeta potential', 'pb2', 'adsorption behaviour'] 

Reference 56: ['hydraulic barrier', 'hazardous leachate', 'organoclay', 'heavy metals', 'adsorption', 'bentonite'] 

TOP-K 57: ['urban canyons', 'urban canyon structure', 'bahía blanca', ['thermal inversions'], 'microclimatic rehabilitation strategies', 'urban heat island effect', 'urban structure', 'sustainable urban development', 'meteorological data', 'background climatic conditions', 'vertical daily hygrothermal patterns', 'data loggers', 'specific microclimatic conditions', 'weak synoptic flow', 'low wind speeds'] 

Reference 57: ['urban morphology', 'vertical temperature-humidity profiles', 'thermal inversions', 'urban canyon microclimate'] 

TOP-K 58: [['alum sludge'], 'amoxicillin adsorption', 'aspcfs', 'environmental remediation', 'adsorption kinetics', 'water treatment plants', 'water treatment', 'aspcf', 'pervious concrete', 'alum sludge content', 'aspcf m5', 'conventional sand filters', 'chemical oxygen demand', 'amx-containing water', 'amx removal efficiency'] 

Reference 58: ['pharmaceuticals', 'pervious concrete filters', 'alum sludge', 'amoxicillin removal', 'wastewater treatment'] 

TOP-K 59: [['photocatalytic degradation'], 'antibiotic resistance', 'x-ray diffraction', 'photocatalytic degradation technology', 'visible light irradiation', 'bimetallic nico-mof', 'cp', 'monometallic co-mof', 'infrared spectra', 'animal husbandry', 'inadequate wastewater treatment methods', 'cp degradation', 'mitigating antibiotic contamination', 'pseudo-first-order model', ['nico-mof']] 

Reference 59: ['аntibiotics', 'cefoperazone', 'nanomaterials', 'co-mof', 'nico-mof', 'photocatalytic degradation', 'water treatment'] 

TOP-K 60: ['metal-polluted soils', 'pb', 'mucuna pruriens', 'santo amaro', 'soils', 'rhizobial strains', 'jack bean', 'pb contamination', ['phytoremediation'], 'mucuna', 'rhizobia strains', 'soil', 'soil contamination', 'cd', 'specific legume-bacteria combination'] 

Reference 60: ['phytoremediation', 'heavy metals', 'trace elements', 'soil pollution', 'bradyrhizobium'] 

TOP-K 61: ['corn stover residues', 'corn stover', 'rumen microbial communities', 'rumen fluid microbiota', ['rumen microbiota'], 'rumen inoculum', 'anaerobic biotreatment', 'rumen fluid', 'lignocellulosic residues', ['anaerobic digestion'], 'two-stage anaerobic digestion system', 'corn stover digestion', 'biogas production', ['anaerobic digestibility'], 'cstr'] 

Reference 61: ['agricultural residues', 'anaerobic digestion', 'biogas enhancement', 'lignocellulosic biomass hydrolysis', 'rumen microbiota'] 

TOP-K 62: ['bmw incineration', 'biomedical waste', 'bmw incinerators', 'biomedical waste incinerator', 'greenhouse gas emissions', 'incineration practices', ['global warming'], 'human health impact', 'fossil fuels', 'incinerator', 'public health', 'flue gas emissions', 'initial natural gas depletion', 'epa standard limits', 'natural gas'] 

Reference 62: ['life cycle assessment', 'bottom ash', 'environmental impact assessment', 'flue gas', 'global warming'] 

TOP-K 63: [['load capacity factor'], ['economic growth'], 'environmental sustainability', ['technological innovation'], ['energy use'], ['sustainable development'], ['globalization'], 'low-carbon economy', ['technology innovation'], 'renewable energy production', 'canonical cointegrating regression', 'clean technologies', 'model', 'load capacity factor.we', 'robustness dynamics autoregressive'] 

Reference 63: ['technological innovation', 'load capacity factor', 'globalization', 'economic growth', 'energy use', 'sustainable development'] 

TOP-K 64: ['high-priority sub-basins', 'anthropogenic stressors', 'hot-spots', 'geoprocessing tools', 'gis-based f-ahp method', 'wqmn automatic stations', 'gis-based fahp', 'ungauged basins', ['water monitoring network'], 'geographic information system', 'site selection', 'sa', ['sensitivity analysis'], 'fuzzy analytic hierarchy', 'environmental status'] 

Reference 64: ['fuzzy-ahp', 'analytic hierarchy process', 'multi-criteria decision analysis', 'sensitivity analysis', 'water monitoring network', 'river monitoring', 'automatic stations'] 

TOP-K 65: ['g-c3n4', 'ethylenediaminetetraacetic acid', 'electron hole-pair recombination', 'ag', 'edta', 'ag/g-c 3n4 photocatalyst', 'ag/g-c 3n4 composite', 'ag/g-c 3n4', 'pseudo-first-order kinetics', 'simple one-step calcination method', 'optical absorption', 'as-synthesized ag/g-c 3n4', 'facile one-step calcination process', 'photocatalytic reduction', 'g-c3n4 surface'] 

Reference 65: ['photocatalytic cr(vi) reduction', 'ag/g-c3n4', 'hole scavenger', 'visible light irradiation', 'electron-hole pair recombination'] 

TOP-K 66: [['atrazine'], 'instream atrazine', ['metolachlor'], 'pesticide usage', 'large agricultural watersheds', 'atrazine concentrations', 'watershed management', 'cedar creek watershed', 'metolachlor concentrations', 'watershed conservation strategies', 'crop production systems', 'long-term trends', 'herbicide concentrations', 'environmental factors', 'simazine concentrations'] 

Reference 66: ['herbicides', 'water quality', 'time series analysis', 'conservation practices', 'atrazine', 'metolachlor', 'simazine'] 

TOP-K 67: ['cryoconites', ['biogeochemical cycles'], 'microbial respiration', 'decomposable carbon', 'elbrus region', 'ph values', 'glacier surface', 'garabashi glacier', 'climate change', 'specific organomineral sediment', ['trace elements'], 'zn', 'hot-water extractable carbon content', 'cryoconite material', 'autochthonous transfer'] 

Reference 67: ['glaciers', 'organomineral sediments', 'soils', 'organic carbon', 'biogeochemical cycles', 'trace elements'] 

TOP-K 68: ['roof-top harvested rainwater', 'rthrwfs', 'rtrwh systems', 'filtration technologies', 'rainwater', 'global roof-top rainwater harvesting', 'filtration systems', 'low filtration rate', 'sustainable filtration methodologies', 'rainwater filtration technologies', 'roof runoff', 'long-term storage needs', 'sustainability', ['bibliometric analysis'], 'structural cost'] 

Reference 68: ['bibliometric analysis', 'roof-top rainwater harvesting', 'rainwater quality', 'microbiological contamination', 'first flush'] 

TOP-K 69: ['electrospun membranes', 'heterogeneous fenton catalysts', 'electrospun polyurethane', 'heterogeneous fenton catalysis', 'electrospun pu', 'heterogeneous fenton catalyst', 'iron hydroxide sludge', 'fenton reaction', 'electrospun f-pu membrane', 'chromium', 'infrared spectroscopy', 'membranes', 'methylene blue', 'ferric chloride', 'composite microfibrous membrane'] 

Reference 69: ['electrospinning', 'polyurethane', 'fenton catalyst', 'reaction kinetics', 'degradation'] 

TOP-K 70: ['coagulation morphotypes', 'high-resolution cryo-scanning electron microscopy', 'mw doc depth profiles', 'anoxic aquatic system', 'lac pavin monimolimnion', 'organic matter', 'mw doc concentrations', 'mw doc', ['monimolimnion'], 'organic carbon', 'coagulation morphotype distribution', 'meshed threads', 'organic material', 'low mw doc', 'trapping fe-phosphate grains'] 

Reference 70: ['dissolved organic carbon (doc)', 'tangential ultrafiltration', 'cryo-hrsem', 'coagulated dissolved organic matter (dom)', '3d micromorphology', 'nanostructural gelation', 'monimolimnion', 'lac pavin'] 

TOP-K 71: [['cattails'], 'biodegradable natural absorbent materials', 'cellulose fibers', 'cattail fiber oil adsorption', 'choline chloride-oxalic acid', 'hydrothermal pretreatment', 'hydrothermal alkaline pretreatment', 'alkaline pretreatment', 'oil absorption', 'adsorbent materials', 'deep eutectic', 'raw cattail', 'htp', 'oil adsorption capacity', 'des'] 

Reference 71: ['cattail', 'hydrothermal-alkaline pretreatment', 'deep eutectic solvents', 'microfiber', 'oil adsorption'] 

TOP-K 72: ['tpw', ['hydraulic fracturing'], 'texas-new mexico border', 'west texas', 'west texas?irrigation water shortage', 'water', 'hydrocarbon production', 'tpw treatment', 'delaware basin', 'water shortages', 'unconventional hydrocarbon production', 'tpw management', 'consistent tpw origins', 'tpw salinity', 'hydraulic fracturing water usage'] 

Reference 72: ['produced water management', 'saltwater disposal', 'unconventional formations', 'water chemistry', 'hydraulic fracturing'] 

TOP-K 73: ['source apportionment', 'human settlements', 'mp contamination', 'single-use plastic items', 'environmental pollutant', 'fragmented microplastics', 'sustainable development goals', 'ftir analysis', 'source apportionment study', 'drinking water', 'mp pollution load index', 'hdpe polymers', 'individual contributory score', 'morphological examinations', 'household plastic items'] 

Reference 73: ['microplastics', 'spatial variation', 'ftir', 'pollution load index', 'relative contributory score'] 

TOP-K 74: [['klebsiella aerogenes'], 'gram-negative bacterium klebsiella aerogenes', ['biodegradation'], 'rubber waste', 'ftir analysis', 'biodegradation process', 'conventional waste management practices', ['natural rubber glove'], 'biological degradation', 'scs bonds', 'mnp enzymes', 'rubber waste treatment', 'manganese peroxidase', 'dry weight analysis', 'mnp enzyme'] 

Reference 74: ['natural rubber glove', 'klebsiella aerogenes', 'biodegradation', 'devulcanization', 'waste to enzymes', 'rubber waste management'] 

TOP-K 75: ['kcc-1', 'kcc-1 nps', 'fibrous porous silica nanoparticles', 'fibrous type kcc-1 nps', 'cv adsorption', 'cv', 'adsorption mechanism', 'thermodynamic studies', 'yoshida bonding', 'adsorption process', ['crystal violet'], 'ft-ir', 'dipole-dipole interaction', 'tga', 'morphological characterization'] 

Reference 75: ['mesoporous fibrous silica', 'polyaniline', 'hydrothermal synthesis', 'crystal violet', 'wastewater treatment'] 

TOP-K 76: [['cement kiln dust'], ['adsorption'], '2,4-d herbicide', 'herbicide 2,4-dichlorophenoxyacetic acid', '2,4-d', 'ckd', 'soil stabilization', 'intraparticle diffusion', 'adsorption process', 'exhaust adsorbent', 'chemisorption mechanism', 'water contamination', 'intraparticle diffusion models', 'different adsorption isotherm models', 'solid waste'] 

Reference 76: ['adsorption', '2,4-dichlorophenoxyacetic acid', 'cement kiln dust', 'adsorption isotherm', 'kinetics'] 

TOP-K 77: ['yeongdong expressway', ['heavy metals'], 'acrylonitrile butadiene styrene', 'heavy metal pollution', 'vehicle-released mps', 'heavy metal contamination', 'zn', 'nonpoint-source pollution', ['highways'], 'hu', 'vehicles', 'anthropogenic sources', 'highway sediments', 'water bodies', 'highway upline drainage'] 

Reference 77: ['highway', 'heavy metals', 'microplastics', 'pollution index', 'rest area', 'sediment'] 

TOP-K 78: ['tc removal', 'tc', 'ec', 'us-assisted ec', 'us-assisted ec methods', 'al-fe-fe-fe electrode configuration', 'uv absorbance', 'aqueous solutions', ['ultrasound-assisted electrocoagulation'], 'us-assisted ec techniques', 'ec method', 'aqueous samples', 'ec/us process', 'chemical oxygen demand', 'ec process'] 

Reference 78: ['electrocoagulation', 'ultrasound-assisted electrocoagulation', 'tetracycline remova', 'al-fe electrode', 'hybrid electrode', 'operation costs'] 

TOP-K 79: ['agtio3 nanoparticles', 'novel nir-active agtio3 nanoparticles', 'green synthesis', 'energy dispersive x-ray spectroscopy', 'degrading organic pollutants', 'x-ray photoelectron spectroscopy', 'ananas comosus', 'active silver titanate perovskite', 'solar light irradiation', 'liquid chromatography-mass spectrometry', 'nir', ['tetracycline'], 'water treatment systems', 'uv', ['chlorpyrifos']] 

Reference 79: ['agtio3', 'ananas leaf', 'chlorpyrifos', 'near-infrared light', 'perovskite', 'photocatalysis', 'tetracycline'] 

TOP-K 80: ['photothermal membranes', 'ag-cnts/pvdf photothermal membrane', 'organic fouling-resistant photothermal membrane', 'ag-cnts nanocomposite', 'hydrophilic polyvinylidene difluoride', 'sustainable freshwater generation', 'passive freshwater generation', 'multi-walled carbon nanotubes', 'prepared ag-cnts nanocomposites', 'wet-impregnation technique', 'cnts', 'surface morphology', 'natural evaporation', 'water evaporation', ['silver nanoparticles']] 

Reference 80: ['fouling', 'humic acid', 'carbon nanotubes', 'silver nanoparticles', 'solar-interfacial evaporation'] 

TOP-K 81: ['tww reuse', 'tww', 'up-flow anaerobic sludge blanket', 'sustainable water management', 'resource recovery', 'pollution reduction', 'uasb', 'reuse potential', 'wastewater treatment', 'long-term reuse plans', 'wastewater treatment technologies', 'municipal wastewater treatment plants', 'sbr', 'oxidation pond', 'nitrogenous fertilizers'] 

Reference 81: ['water quality', 'treated wastewater', 'reuse', 'resource utilization'] 

TOP-K 82: ['cuo-based nanocomposites', ['cuo nanoparticles'], 'cuo', 'uv light irradiation', 'uv light', 'ammonium ions', ['uv irradiation'], 'inorganic nitrogen compounds', '1d multi-walled carbon nanotubes', 'mwcnts', 'cuo nps', 'copper oxide', '2d graphene oxide', 'cuo-base nanostructures', 'cuo-rgo nanocomposites'] 

Reference 82: ['cuo nanoparticles', 'graphene oxide', 'multi-walled carbon nanotubes', 'uv irradiation', 'photocatalyst', 'ammonia'] 

TOP-K 83: [['plant-derived surfactants'], 'tobramycin', 'antibiotic resistance', 'antibiotic-plant surfactant synergy', ['aminoglycoside antibiotics'], 'ph', 'antimicrobial agents', 'plant surfactants', 'cell surface hydrophobicity', 'antibiotic efficacy', 'licorice extract', 'csh', 'synergistic effects', 'bacterial growth inhibition', 'acidic ph'] 

Reference 83: ['aminoglycoside antibiotics', 'calendula (calendula officinalis)', 'escherichia coli', 'licorice (glycyrrhiza glabra l.)', 'ph modulation', 'plant-derived surfactants'] 

TOP-K 84: ['double-chamber microbial fuel cell', ['fruit wastes'], 'box-behnken design', 'mfc', 'pww', 'afw', 'co-substrate strategy', 'mfc-pww performance', 'chemical oxygen demand', 'power generation', 'biochemical oxygen demand', 'response surface methodology', 'pfw', ['pharmaceutical wastewater'], 'mango fruit waste'] 

Reference 84: ['bio-electricity', 'cod', 'coulombic efficiency', 'bod', 'fruit wastes', 'microbial fuel cell', 'pharmaceutical wastewater', 'box-behken design'] 

TOP-K 85: ['benzene', 'ethylbenzene', 'polycyclic aromatic hydrocarbons', 'btex', 'indeno 1,2,3-cd pyrene concentrations', 'benzo', 'naphthalene', 'toluene', 'xylene', 'pahs', 'pyrene', 'cancer risk', 'chronic daily intake', 'chrysene concentrations', 'non-cancer risk indices'] 

Reference 85: ['btex compounds', 'pah compounds', 'inhalation exposure', 'health risk assessment', 'burnt oil recycling factory'] 

TOP-K 86: ['sulphur-doped comn oxide', 'm-coacbs', 'mb', 'n2 adsorption-desorption isotherms', 'adsorption capacity', 'mb removal efficiency', 'batch adsorption experiments', 'pseudo-second-order kinetic model', 'untreated coacbs', 'aqueous solutions', 'high adsorption capacity', 'decolorization performance', 'alginate-derived carbon', 'ph', 'two-step process'] 

Reference 86: ['mesoporous adsorbent', 'alginate-derived carbon beads', 'methylene blue', 'adsorption', 'isotherm and kinetic studies', 'machine learning modeling'] 

TOP-K 87: ['sio2-chitin/moo3 nanocomposite', 'x-ray photoelectron spectroscopy', 'mesoporous sio2-chitin/moo3', 'fourier-transform infrared spectroscopy', 'well-crystallized moo3 nanoparticles', 'endothermic adsorption', 'amorphous sio2-chitin matrix', 'coulombic electrostatic interactions', 'surface complexation', 'multilayer heterogeneous adsorption', 'pseudo-second-order kinetics model', 'x-ray diffraction', 'ftir', 'metal-nitrogen bonds', 'nanocomposite characterization'] 

Reference 87: ['xps surface investigation', 'mesoporous nanocomposites', 'metal adsorption isotherm', 'adsorption thermodynamics', 'activation energy'] 

TOP-K 88: [['nanoparticles'], 'oral ingestion risk', 'de-ionized water', 'nanoparticle fate', 'nanoparticle properties', 'gastric fluid', 'nanoparticle heteroaggregate formation', 'human biological fluids', ['antibiotics'], 'nanoparticle size change', 'gastric system', 'health risk', 'physicochemical properties', 'human digestive system', 'nanoparticle size'] 

Reference 88: ['nanoparticles', 'in-vitro dissolution', 'mixture risk', 'human health risk', 'antibiotics'] 

TOP-K 89: ['canadian water quality guidelines', 'wrtds_bt technique', 'toronto region conservation authority', 'tss', 'niagara peninsula', ['lake ontario'], 'tp', 'fn-tss concentrations', 'ontario', 'tributaries', 'northern lake erie', 'eastern lake huron', 'nottawasaga river', 'weighted regressions', 'great lakes basin'] 

Reference 89: ['wrtds_bt', 'trend analysis', 'total phosphorus', 'total suspended sediments', 'lake erie', 'lake huron', 'lake ontario'] 

TOP-K 90: ['mössbauer spectroscopy', 'magnetite', 'ec', 'ec-treated wastewater', 'microplastics', 'infrared spectroscopy', 'magnetite formation', 'secondary effluent water', 'x-ray diffraction', 'ps', 'mps', ['iron electrodes'], 'microplastics removal', 'nonmagnetic compounds', 'lepidocrocite formation'] 

Reference 90: ['emerging contaminant', 'electrolysis', 'colloidal particles', 'iron electrodes', 'removal efficiency'] 

TOP-K 91: ['soil physicochemical properties', 'erosion processes', 'portable x-ray fluorescence', 'integrated soil management', 'soil', 'apple orchard', 'essential degradation problems', 'erosion control', 'soil loss', 'corn stover', 'sl', ['soil organic matter'], 'sustainable management', 'erosion process', 'pollution'] 

Reference 91: ['orchard management', 'element loss', 'soil cracking', 'seasonal soil variability', 'soil organic matter'] 

TOP-K 92: ['adsorbents', 'optimum adsorption conditions', 'adsorbent', 'chitosan composites', 'synthetic adsorbents', ['acid dyes'], 'toxic acid dyes', 'adsorption capacity', ['high grade adsorbents'], 'practical adsorbents', 'high capacity', 'adsorbent dosage', 'high binding capacity', 'screening guide', 'low dosage'] 

Reference 92: ['high grade adsorbents', 'acid dyes', 'recycling', 'selection guide'] 

TOP-K 93: ['flood susceptibility', 'multicriteria decision analysis', 'low-to-intermediate uncertainty levels', 'mc-ahp', 'yermasoyia watershed', 'monte carlo', 'land use', 'ahp', 'terrain slope', 'advanced mcda methods', 'rainfall intensity', 'probabilistic multihazard assessments', 'mc-ahp predictions', 'monte-carlo simulations', 'weight coefficients'] 

Reference 93: ['flooding', 'uncertainty analysis', 'monte carlo simulations', 'analytical hierarchical process', 'gis'] 

TOP-K 94: ['australian agricultural exports', 'australian agricultural export earnings', 'australian agricultural export performance', ['climate change'], 'agricultural exports', 'agro-export performance', 'australian agricultural export growth', 'global climate change', 'australian agricultural sector', 'agricultural export performance', ['environmental degradation'], 'environmental pollution', 'average yearly temperature increase', ['australia'], 'australian economy'] 

Reference 94: ['climate change', 'environmental degradation', 'co2 emissions', 'agro export', 'australia'] 

TOP-K 95: ['water resources management', ['wüstebach catchment'], 'local groundwater-surface water interactions', 'multi-method hydrological approach', 'groundwater interactions', 'groundwater systems', 'multi-method approach', 'mitigating drought vulnerability', 'ec mapping', 'tereno eifel database', 'surface water', 'dominant na-cl type', 'ec measurements', 'groundwater contributions', 'western tributaries'] 

Reference 95: ['groundwater-surface water interactions', 'groundwater-dependent ecosystems', 'electrical conductivity', 'stream discharge', 'headwater catchments', 'wüstebach catchment'] 

TOP-K 96: [['baseflow estimation methods'], 'baseflow estimation', 'bflow program', 'salient baseflow estimation techniques', 'ewma method', 'daily streamflow data', 'daily precipitation data', 'baseflow separation methods', 'water resources', 'river basin', 'mean monthly streamflow', 'visual inspection', 'northern india', 'bfi', 'comparative evaluation'] 

Reference 96: ['streamflow characterization', 'baseflow estimation methods', 'relative evaluation', 'verification of the methods', 'baseflow index', 'goodness-of-fit criteria', 'himalayan region'] 

TOP-K 97: [['flood risk'], ['gis'], ['flood hazard'], 'northeastern greece', ['flood vulnerability'], 'integrated methodology', 'sensitivity analysis', 'data limitations', 'high-risk areas', 'study', 'conventional numerical modeling', 'flood hazard index', 'methods', 'decision-making trial', ['dematel']] 

Reference 97: ['flood risk', 'flood hazard', 'flood vulnerability', 'gis', 'graph theory', 'dematel'] 

TOP-K 98: ['rainwater management', 'sustainable drainage systems', 'many north mediterranean regions', 'small-scale rain garden', 'permeable pavement zone', ['pocket parks'], 'urbanization impact', 'low-income neighborhood', ['rain gardens'], 'urban areas', 'inlet structures', 'large ground slope', ['permeable pavements'], 'medium intensity rainfall events', 'climatic conditions'] 

Reference 98: ['densely built area', 'rain run-off', 'rain garden', 'permeable pavement', 'pocket park', 'sustainable drainage systems (suds)'] 

TOP-K 99: ['rainfall-runoff simulations', 'cyclone daniel', 'experimental tbrs', 'non-recording rain gauge', 'ground sensors', 'rainfall data', ['data logger'], 'electronic boards arduino uno', 'daily non-recording rain gauge', 'flood forecasting', 'hydrological applications', 'rg20', 'rainfall intensity', 'basin water balance', 'arg100'] 

Reference 99: ['tipping bucket rain gauge', 'data logger', 'electronic board', 'arduino uno', 'raspberry pi', 'athens'] 


N=5
P=0.138
R=0.12105263157894737
F1=0.12897196261682242


N=10
P=0.117
R=0.20526315789473684
F1=0.14904458598726114


N=15
P=0.10466666666666667
R=0.2754385964912281
F1=0.15169082125603864

max_len: 512
temp_en: Book:
temp_de: This book mainly talks about 
model: base
enable_filter: True
enable_pos: True
position_factor: 120000000.0
length_factor: 0.6
Processing time: 64.59129595756531
