Start Testing ...
TOP-K 0: ['mining quarries', 'data interpolation', 'soil moisture dynamics', 'vegetation health', 'normalized difference vegetation index', ['self-organizing map'], 'natural sites', 'future restoration efforts', 'machine learning technique', 'rehabilitation progress', 'industrial sites', 'moisture retention', 'difference moisture index', 'solid framework', 'significant improvements'] 

Reference 0: ['remote sensing', 'self-organizing maps', 'vegetation indices', 'soil moisture monitoring', 'sentinel-2 imagery', 'ecosystem restoration'] 

TOP-K 1: ['nitrate-vulnerable areas', 'nitrate vulnerability', 'nitrate vulnerability assessments', 'coastal zones', 'land use data', 'land use factors', 'high nitrate vulnerability', ['ahp'], 'vulnerability assessment models', 'analytic hierarchy', 'models', 'study', 'temporal changes', 'study periods'] 

Reference 1: ['agricultural basin', 'groundwater vulnerability', 'pollution to nitrates', 'drastic-lu', 'canter-lu', 'ahp'] 

TOP-K 2: ['anthropogenic gadolinium', 'gadolinium pollution', 'aquifers', 'gadolinium attenuation', 'groundwater', 'gadolinium', 'surface water', 'experimental results', 'artificial infiltration', ['batch experiments'], 'significant implications', 'striking factor', 'key role', 'paramount importance'] 

Reference 2: ['gadolinium-based contrast agents', 'urban aquifer', 'hydrochemical modelling', 'batch experiment', 'sorption'] 

TOP-K 3: ['biodegradable microplastics', ['nutrient depletion'], 'plant-microbe interactions', 'significant root elongation', 'plant growth adaptation', 'aquatic plants', 'ecological concerns', 'conventional plastics', 'nutrient cycling', 'short-term experiments', 'severe stress', 'widespread contaminants'] 

Reference 3: ['aquatic macrophytes', 'nutrient depletion', 'root elongation', 'ecotoxicity', 'chronic exposure'] 

TOP-K 4: ['charlotte harbor', ['nutrient loading'], 'peace river watershed', 'watershed assessment model', 'anthropogenic activities', 'estuarine ecosystems', 'similar coastal watersheds', 'critical source areas', 'water quality baseline', 'mitigation strategies', ['source areas'], 'prw', 'total phosphorus', 'study', 'total nitrogen'] 

Reference 4: ['coastal watershed', 'source area', 'nutrient loading', 'nitrogen', 'phosphorus'] 

TOP-K 5: ['pi-m-pmda', 'green polyimide adsorbent', 'microwave-assisted ionothermal method', 'adsorption efficiency', 'high-performance adsorbent', 'benzene rings', 'langmuir adsorption capacity', 'structural amorphization', 'high adsorption capacity', 'π-π interactions', ['pharmaceutical pollution'], 'strong hydrogen bonds', 'study', 'final cycle', 'remarkable stability'] 

Reference 5: ['green synthesis', 'porous polyimide', 'pharmaceutical pollutant', 'adsorption mechanism'] 

TOP-K 6: ['cruciferin protein', 'cpf', 'molecular docking', ['mustard oil cake'], 'box-behnken design', 'eco-friendly bioflocculant', 'conventional flocculants', 'pharmaceutical wastewater treatment', 'mechanistic analysis', 'bioflocculation process', 'pharmaceutical contaminants', 'optimal cpf dosage', 'process optimization', 'environmental concerns', 'study'] 

Reference 6: ['mustard oil cake', 'cruciferin protein flocculant', 'autodock vina', 'metronidazole', 'perikinetics', 'circular economy', 'agro-waste valorisation', 'pharmaceutical effluent'] 

TOP-K 7: ['dreissena polymorpha invasion', 'phytoplankton', 'naroch lakes ecosystem', ['phytoplankton growth rate'], ['nutrient load'], 'various nutrient loads', 'photosynthetic capacity', 'phosphorus load', 'water bodies', 'long-term monitoring', 'primary production', ['gross primary production'], 'growth rate', 'mathematical modeling'] 

Reference 7: ['nutrient load', 'phosphorus', 'nitrogen', 'gross primary production', 'phytoplankton growth rate', 'the kdd approach'] 

TOP-K 8: ['cb-based flow electrodes', ['phosphate removal'], 'nutrient recovery', 'cb', 'ac', 'effective wastewater treatment', 'model nutrient', 'flow electrode', ['response surface methodology'], 'initial ph', 'carbon', 'operating conditions', 'parameter optimization'] 

Reference 8: ['flow electrode capacitive deionization', 'carbon black', 'activated carbon', 'phosphate removal', 'removal and recovery', 'response surface methodology', 'optimization'] 

TOP-K 9: [['streamflow violations'], 'long-term streamflow sustainability', 'ecological flow sustainability', 'future challenges', 'regulated river reaches', 'ecohydrological integrity', ['environmental flow envelope'], 'rushikulya river', 'future climatic scenarios', 'river basins', 'adaptive management measures', 'future climate scenarios', 'safe ecological flow boundary', ['violation ratio'], 'rivers'] 

Reference 9: ['environmental flow envelope', 'streamflow violations', 'regulated river', 'future climate change', 'reliability', 'resilience', 'violation ratio', 'violation frequency', 'cmip6'] 

TOP-K 10: ['geese feathers', 'natural fiber matrices', 'composites', 'oil removal', 'castor oil', 'oil spill accidents', 'centrifuge filtration', 'present work', 'ceiba pentandra', 'titanium dioxide', 'different adhesion methods?compression', 'fourth application cycle', 'natural non-pressed mixture?to', 'regeneration capacity', 'sorption potential'] 

Reference 10: ['oil spill remediation', 'contaminated seabird', 'natural fibers', 'kapok', 'sorbent materials', 'composite regeneration'] 

TOP-K 11: [['nanofiltration membranes'], 'mxene nanosheets', 'mixed matrix nanofiltration membranes', 'actual textile industry wastewater', ['actual textile wastewater'], 'actual wastewater', 'impressive removal efficiencies', 'removal rate', 'conductivity parameters', 'valuable insights', 'water reuse.treatment'] 

Reference 11: ['actual textile wastewater', 'mxene', 'nanofiltration membrane', 'cod removal', 'wastewater treatment'] 

TOP-K 12: ['climate change', 'adaptation measures', 'crva methodology', 'mediterranean region', 'climate change assessment', 'cc', 'relevant european commission guidelines', 'vulnerability assessment', 'wi', 'critical infrastructure', 'drinking water', 'risk assessment', 'preliminary estimations', 'wastewater system', 'literature survey'] 

Reference 12: ['climate change adaptation', 'water infrastructure', 'climate proofing', 'climate risk and vulnerability assessment'] 

TOP-K 13: ['microplastics', 'microplastic contamination', 'vaal river', 'vaal river system', 'microplastic occurrence', 'coastal areas', 'surface water', 'south africa', 'chemical composition', 'important freshwater systems', ['physical characteristics'], 'significant freshwater system', 'limited studies', 'new data', 'study'] 

Reference 13: ['physical characteristics', 'polymer composition', 'size', 'shape'] 

TOP-K 14: ['canary islands', 'cost recovery method', 'water infrastructure methods', 'cost recovery', 'water framework directive', 'data acquisition', 'public decision makers', 'water management', 'water tariffs', 'overall well-being', 'water bodies', 'great interest', 'substantial variations'] 

Reference 14: ['river basin management plan', 'water pricing', 'water management efficiency', 'economic instruments'] 

TOP-K 15: ['axarquia', ['subtropical crops'], 'water', 'widening water deficit', 'water demand', 'water deficit', 'regional resource dynamics', 'water requirements', 'total annual energy', 'co2 emissions', 'carbon footprint balance', 'exponential growth', 'predominant water sources', 'dynamic interplay', 'imminent challenges'] 

Reference 15: ['water-energy nexus', 'carbon balance', 'axarquia (spain)', 'deficit irrigation', 'non-conventional water sources', 'subtropical crops', 'climate change', 'co2 equivalent'] 

TOP-K 16: ['high sludge dry solids', 'sludge treatment plants', ['polymer dosage'], 'floc conditions', 'individual floc recognition', ['image analysis'], 'automatic control systems', 'gap area', 'environmental impact', ['automatic control'], 'practical benefits', 'overlap.this study', 'novel method'] 

Reference 16: ['dewatering plant', 'polymer dosage', 'flocculation', 'image analysis', 'semantic segmentation', 'automatic control'] 

TOP-K 17: ['in-stream bioreactors', 'in-stream practices', 'nitrogen treatment', 'nitrogen-chloride ratios', 'in-stream bioreactor', 'isotopic fractionation data', 'baseflow conditions', 'surface water', 'predominant nitrogen reduction mechanism', 'nitrogen loads', 'nutrient-sensitive water.septic systems', 'promising solutions', 'significant sources'] 

Reference 17: ['nitrogen', 'bioreactor', 'wastewater', 'denitrification', 'in-stream processing', 'septic system'] 

TOP-K 18: ['l-tryptophan', 'indole', 'fib sensors', 'coli k-12', 'enterococci cell pellet', 'm9 broth', ['indole pulse'], 'coli cell pellet', 'unique fluorescence signatures', 'corresponding fluorescence properties', 'nm', 'known concentrations'] 

Reference 18: ['water quality monitoring', 'fluorescence spectroscopy', 'e. coli', 'tryptophan', 'indole pulse'] 

TOP-K 19: ['sandy tidal flat shorelines', 'low molecular weight n-alkanes', 'sandy beach leachate', 'oil slick', 'surface sediment layer', 'hydrocarbon dissolution', 'oil movement', 'rapid oil movement', 'sandy beach enclosures', 'coastal ecosystems', 'limited oil penetration', 'sandy tidal flat enclosures', 'sandy tidal flat samples', 'oil accumulation', 'emergency response'] 

Reference 19: ['microbial community', 'oil fate and effect', 'low energy tidal flushing', 'sediments'] 

TOP-K 20: ['hg', 'hms', 'heavy metals', 'environmental quality standards', 'carcinogenic risks', 'cd', 'urban river systems', 'risk zones', 'river water', ['urban rivers'], 'haihe river systems', ['sediments'], 'dermal contact', 'cr', 'potential risks'] 

Reference 20: ['cadmium', 'urban rivers', 'sediments', 'spatial–temporal distribution', 'risks', 'co-occurrence'] 

TOP-K 21: ['bridge', ['hec-ras model'], 'effective flood control measures', 'colorado state university', 'flood dynamics', 'cold region rivers', 'grafton city', 'north dakota', ['red river'], ['flood maps'], 'nd dwr', 'autonomous surface vehicle', 'critical infrastructure', ['lidar data'], 'lidar dem data'] 

Reference 21: ['contraction scour depth', 'flood mapping', 'hec-ras model', 'lidar data', 'manning n-coefficient', 'red river'] 

TOP-K 22: ['toluene', 'p-hba', ['zeolites'], 'adsorbed p-hba', 'adsorption', 'distinct high-silica zeolite materials', 'adsorption data', 'adsorption process', 'various isotherm models', 'aqueous solutions', 'low concentration range', 'saturation capacity', 'minimal influence', 'wide range'] 

Reference 22: ['organic contaminants', 'lignin derived phenolic compounds', 'zeolites', 'water remediation', 'competitive adsorption'] 

TOP-K 23: [['monte carlo simulations'], 'mo-polluted wastewater', 'three-dimensional electrochemical reactor', 'graphite intercalation compound', 'artificial intelligence', 'machine learning', 'electrochemical reactor', ['artificial neural networks'], 'ann', 'direct electrooxidation', ['artificial neural network'], 'rf', ['random forest'], 'process parameters', 'energy efficiencies'] 

Reference 23: ['dye removal', 'adsorption and electrochemical treatment', 'artificial neural network', 'support vector machine', 'random forest', 'monte carlo simulation'] 

TOP-K 24: ['peat biogeochemistry', 'sphagnum-dominated peatlands', 'bogong high plains', 'long-term carbon flux studies', 'peat soil carbon', 'peat depths', 'peat cores', 'peat removal', 'multiple peatland sites', 'small spatial scales', 'carbon loss', 'soil c', 'future research', 'southeastern australia', 'peat accumulation'] 

Reference 24: ['alpine', 'carbon emissions', 'disturbance', 'soil carbon', 'sphagnum', 'subalpine'] 

TOP-K 25: [['doxorubicin'], '4-amino 2,2,6,6-tetramethylpiperidine-1-oxyl', ['methylene blue'], 'hydrogen peroxide', 'straightforward one-pot hydrothermal route', 'sodium hypochlorite', ['fluorescein'], 'green oxidants', 'good regeneration capability', 'raw honey', 'removal efficiencies', 'free radical', 'removal efficiency', 'carbon source', 'several cycles'] 

Reference 25: ['honey', 'hydrothermal', 'functionalized hydrochar', 'stable free radical', 'dye removal', 'methylene blue', 'doxorubicin', 'fluorescein', 'environmental remediation'] 

TOP-K 26: ['gac mesopore content', 'gac', 'adsorbed pharmaceuticals', 'ambient ph regime', 'specific surface area', 'aquatic environments', 'adverse effects', 'various characterizations', 'adsorbents.although desorption', 'partial discharge'] 

Reference 26: ['desorption', 'vancomycin', 'rifampicin', 'activated carbon', 'antibiotic resistance', 'water treatment'] 

TOP-K 27: ['hysteresis loops', 'sediment transport', 'phosphorus mobilization', 'recurrent flood waves', 'sediment', 'sediment dynamics', ['phosphorus transport'], 'small reservoirs', 'event-based flood models', 'flood wave', 'phosphorus concentrations', 'nearby streambed areas', 'high-frequency data', 'several flood waves', 'small streams'] 

Reference 27: ['stream transport capacity', 'soil loss modelling', 'phosphorus transport', 'sediment concentration', 'eutrophication'] 

TOP-K 28: ['small datasets', 'regression analyses', 'environmental flow analysis', 'aquatic habitats', 'stream habitats', 'river habitat', 'sefa model', 'regression method', 'input data', 'quality', 'recent decades', 'general contribution'] 

Reference 28: ['river restoration', 'habitat quality', 'system of environmental flow analysis', 'regression analysis', 'machine learning'] 

TOP-K 29: ['electro-absorption technology', ['benzene'], 'xylene', ['jet mixer'], 'gaseous streams', 'low water solubility', 'absorption process', 'high water solubility', 'representative vocs', 'life cycle analysis', 'future research perspectives', 'vocs', 'economic evaluation', 'technical feasibility', 'treatment process'] 

Reference 29: ['gas treatment', 'electro-absorption', 'benzene', 'p-xylene', 'packed column', 'jet mixer'] 

TOP-K 30: ['groundwater dependent ecosystems', 'gdes', 'gdes services classification', ['groundwater footprint'], 'mapping tools', 'un sustainable development goals', 'related services management framework', 'major groundwater-related components', 'expert opinion survey', 'gwf', 'land uses', 'related services', 'present study', 'related legislation', 'main objectives'] 

Reference 30: ['groundwater footprint', 'expert opinion', 'land-scoring mapping method', 'ecosystem services', 'sdgs', 'environmental flow'] 

TOP-K 31: ['climate change impacts', 'different hydrological regimes', 'water resources', 'rural basins', 'framework', 'diverse watersheds', 'present work', 'seasonal water flow', 'river flow', 'significant changes', 'robust approach', 'net reduction', 'meteorological drought.the goal', 'slight increase'] 

Reference 31: ['gr2m', 'hydrological modeling', 'ssp1-2.6 and ssp5-8.5', 'climate change impact assessment', 'cmip6', 'temperature', 'rainfall', 'meteorological drought'] 

TOP-K 32: ['water treatment residuals', 'dwtr', 'sludge by-products', 'adsorbent material', 'adsorption capacity', 'adsorption tests', 'neutral ph', 'drinking water treatment plants', 'operational costs', 'text p', 'key parameters', 'quantitative properties', 'reliable predictor', 'text', 'comprehensive analysis'] 

Reference 32: ['drinking water treatment sludge reuse', 'sludge characterization', 'phosphate adsorption', 'water treatment'] 

TOP-K 33: ['anaerobic digestion', 'cotton stalk digestion', ['rumen fluid'], 'cotton stalk', 'biogas production', 'organic content', 'high content', 'challenging issue'] 

Reference 33: ['cotton stalk residues', 'lignocellulose', 'rumen fluid', 'rumen microbiota', 'candidatus cloacimonas', 'methanothrix'] 

TOP-K 34: ['small mediterranean islands', 'wind turbines', ['hybrid renewable energy system'], 'small islands', 'renewable energy', 'innovative storage solutions', ['desalination'], 'water scarcity', 'hydro storage', 'hres', 'hydrogen storage', 'sustainable development', 'sustainable solutions', 'water-energy nexus.the study', 'replicable model'] 

Reference 34: ['water management', 'pumped hydro storage', 'hydrogen storage solution', 'desalination', 'hybrid renewable energy systems', 'paxos and antipaxos islands'] 

TOP-K 35: ['water resources management', 'rural lissos river basin', 'water resources', 'quasi-nonlinear fcm', ['fuzzy cognitive maps'], 'water use conflicts', 'risk mitigation', 'innovative management strategies', 'key system factors', 'stakeholder perspectives', 'changing conditions', 'stakeholder input', 'economic challenges', 'causal relationships', 'model cause-effect relationships'] 

Reference 35: ['fuzzy cognitive maps', 'stakeholder engagement', 'integrated water resources management', 'mediterranean river basin', 'partnerships for the goals'] 

TOP-K 36: ['pipe freeze crystallization', 'na2so4', 'hazardous landfill leachate', 'waste treatment practices', 'zero-waste management goals', 'clean water', 'leachate samples', 'conventional methods', 'sustainable alternative', 'valuable resources', 'l', 'viable solution'] 

Reference 36: ['sustainable wastewater treatment', 'energy-efficient desalination', 'resource recovery technology', 'zero-waste wastewater treatment', 'industrial effluent treatment'] 

TOP-K 37: ['vilnius city centre', 'hcho concentrations', 'urban air quality', 'hcho concentration levels', 'environmental variables', 'environmental factors', 'hcho levels', 'human-induced variables', 'city centre', 'weather factors', 'outdoor hcho levels', 'dew temperature', 'distance', 'water', 'buildings'] 

Reference 37: ['urban environment', 'formaldehyde', 'hcho', 'outdoor air pollution', 'ecosystem services', 'air quality', 'vilnius'] 

TOP-K 38: ['nutrient removal', 'light', ['nitrates'], 'phosphorus removal', ['phosphorus'], 'aeration culture', 'dark period', 'continuous light irradiation', 'removal rate zero-order constants', 'air supply', '24-hour illumination', 'light period', 'additional air'] 

Reference 38: ['wastewater treatment', 'microalgae-bacteria consortia', 'nitrates', 'phosphorus', 'removal kinetics', 'dark-light conditions'] 

TOP-K 39: ['orange peel biochar', 'aminophenol adsorption', 'aminophenol', 'aminophenol adsorption process', 'low-temperature pyrolysis process', 'low-temperature pretreated biochar', 'novel koh pre-treatment', 'aqueous solution', 'aqueous solutions', 'efficient adsorbent', 'mechanistic insights', 'biochar role', 'column adsorption', 'surface properties', 'main aim'] 

Reference 39: ['biomass valorisation', 'pyrolysis', 'wastewater treatment', 'dynamic column adsorption', 'adsorbent regeneration'] 

TOP-K 40: ['args', 'high uv disinfection doses', ['antibiotic-resistant bacteria'], ['antibiotic resistance genes'], 'advanced treatment methods', 'ar e', 'uv treatment', 'sludge wastewater treatment plant', 'decentralised area', 'aggressive chlorination', 'nature-based system', 'disinfection unit', 'different treatment stages', 'mg cl?l', 'doses'] 

Reference 40: ['antibiotic-resistant bacteria', 'antibiotic resistance genes', 'chlorination', 'constructed wetlands', 'upflow anaerobic sludge blanket reactors', 'uv disinfection'] 

TOP-K 41: ['open-source sql database', 'hydro-meteorological data', 'multi-user access environment', 'sustainable water resource planning', 'data-driven policy making', ['hydrological data'], 'flood risk management', 'user interface', 'hydrological studies', 'present work', 'consolidated system', 'crete', 'hydrological stations', 'scientific community', 'drought mitigation'] 

Reference 41: ['meteorological data', 'sql database', 'open-source', 'weather stations', 'crete region', 'hydrological data'] 

TOP-K 42: [['iron removal'], 'coal mine drainage', 'mwts lagoons', 'ferric iron', 'full-scale mwts', 'ferrous iron', 'cws treatment performance', 'monthly iron concentrations', 'potential ecological environmental problems', ['seasonal variation'], 'removal efficiency', 'settlement lagoons', 'fe3', 'comprehensive statistical analysis', 'comparative performance'] 

Reference 42: ['iron removal', 'seasonal variation', 'water treatment', 'full-scale lagoons', 'full-scale wetlands', 'mine discharge'] 

TOP-K 43: ['groundwater management', 'managed aquifer recharge', 'recharge objectives', 'semiarid regions', 'long-term water sustainability', 'upstream areas', 'site selection', 'water policies', 'socioeconomic factors', 'groundwater storage', 'mar', 'available water sources', ['mar planning'], 'stakeholder engagement', 'limited recharge potential'] 

Reference 43: ['mar typology', 'stakeholder-adapted approach', 'analytical hierarchical process', 'mar planning', 'decision-making'] 

TOP-K 44: ['ef', 'river discharges', 'ecological flow', 'ef curves', 'environmental flow estimates', 'climate change impacts', 'transboundary ones', 'low efs', 'tennant method', 'tessman', '31-year period', 'dry period', 'natural streamflow curve', 'major rivers', 'greek legislation'] 

Reference 44: ['environmental flow', 'large scale hydrological modelling', 'ungauged basins', 'lisflood', 'greek rivers', 'water framework directive'] 

TOP-K 45: ['subsurface water flow', ['ambient noise monitoring'], 'karst conduits', 'karst system', 'small karst spring', 'subsurface flows', 'hydrogeological records', 'ambient noise measurements', 'dry valleys', 'continuous ambient noise data', 'ground surface', 'underground conduit', 'seismic signature', 'baseline noise levels', 'long-term variations'] 

Reference 45: ['karst hydrogeology', 'ambient noise monitoring', 'non-invasive investigation', 'flow dynamics and turbulence'] 

TOP-K 46: ['humus-accumulative genetic horizons', 'erosion processes', 'land management decisions', 'erosion degree', 'legacy soil maps', ['soil thickness'], 'soil characteristics', 'model-based approach', 'thickness maps', 'map', 'accurate mapping', 'spatial variation', 'dominant classes', 'threshold values', 'spatial prediction'] 

Reference 46: ['digital soil mapping', 'erosion', 'machine learning', 'soil thickness', 'soil type'] 

TOP-K 47: ['microplastic hazards', 'polyethylene terephthalate', 'microplastic particles', 'hospital wastewater treatment plants', 'hospital wastewater treatment plant', 'water resources', 'hazard risk', 'certain polymers', 'environmental risks', 'various wastewaters', 'common shape', 'predominant polymer', 'study', 'standard rate', 'extensive presence'] 

Reference 47: ['plastic', 'microplastic', 'hospital wastewater', 'polymer', 'abundance'] 

TOP-K 48: ['specific karst lake habitats', 'freshwater ecological classification', 'lake ecosystems', 'freshwater ecosystems', 'natural lakes', 'lakes', 'water quality', 'anthropogenic pressures', 'stepwise linear regression model', 'final ecological quality ratios', 'specific lake types', 'narrow pressure gradient', 'high ecological quality status', 'habitat specificities', 'environmental parameters'] 

Reference 48: ['water quality assessment', 'dinaric karst lakes', 'freshwater management', 'macroinvertebrate bioassessment', 'reference conditions'] 

TOP-K 49: ['elm', 'river water temperature', 'extreme learning machines', 'daily river water temperature', ['orelm'], 'regularized extreme learning machine', 'standalone elm', 'wrelm models', 'modeling tw', 'ta', 'input variables', ['air temperature'], 'q', ['river discharge'], 'solid prediction approach'] 

Reference 49: ['machine learning', 'air temperature', 'water temperature', 'river discharge', 'signal decomposition', 'extreme learning machine (elm)', 'orelm', 'relm', 'wrelm'] 

TOP-K 50: ['cc adaptation', 'climate change', 'water quality', 'dwss staff', 'drinking water', ['drinking water system'], ['decision support systems'], 'public servants', 'canadian municipalities', 'drinking water utilities', 'focus groups', 'current practices', 'staff', 'focus groups participants', 'discussion guide'] 

Reference 50: ['climate change impacts', 'adaptation', 'drinking water systems', 'perceptions', 'behaviors', 'decision support systems'] 

TOP-K 51: [['groundwater quality index'], ['water quality parameters'], 'ml-based estimation models', 'ml-based models', 'ml hyperparameters', 'arid province', 'ph', 'hco3', 'reliability analysis', 'k', 'na', 'eleven water quality parameters', 'input data', 'third scenario', 'ranking analysis'] 

Reference 51: ['groundwater quality index', 'water quality parameters', 'machine learning', 'multi-gene genetic programming', 'xgboost'] 

TOP-K 52: ['decentralized water treatment', 'coagulant type', 'coagulation settling volume ratio', 'coagulant dosage', ['paint wastewater'], 'water treatment', 'coagulation process', 'ph value', 'reuse', 'coagulant aid type', 'medium scale paint enterprises', 'stable industrial recycling technology', 'water resources', 'reuse scheme', 'high environmental value'] 

Reference 52: ['paint wastewater', 'adsorption kinetics', 'coagulation', 'decentralized treatment', 'water reuse', 'sustainability'] 

TOP-K 53: [['groundwater pollution'], 'fractured-controlled rocks', 'site conceptual flow model', 'groundwater resources', 'potential vertical hydraulic connections', 'remediation efforts', 'local percolation', 'key environmental concerns', 'transport processes', ['landfills'], 'hazardous environments', 'effective monitoring', 'sustainable management', 'diverse locations', 'critical role'] 

Reference 53: ['hydrogeophysics', 'geophysical imaging', 'fractured basalt', 'site conceptual model', 'groundwater pollution', 'landfills'] 

TOP-K 54: ['ivm', 'antiparasite compound', 'soluble ivm', 'soils', 'physicochemical characterization', 'organic matter', 'cattle fields', 'water courses', 'high mobility', 'first time', 'threatening situation', 'high concentration', 'zones', 'soluble fraction'] 

Reference 54: ['wetland pollution', 'antiparasitic drugs mobility', 'ivermectin', 'livestock', 'soil organic matter', 'environmental fate', 'environmental distribution'] 

TOP-K 55: ['cu-tio2-aluminosilicate nanocomposite', 'solvothermal process', 'novel photocatalyst', 'remarkable photocatalytic activity', 'experimental findings', 'analytical techniques', 'comprehensive findings', 'effective removal'] 

Reference 55: ['cu-tio2-aluminosilicate', 'promising photocatalyst', 'taguchi method', 'toxicity assessment'] 

TOP-K 56: ['organoclay-amended bentonite', ['bentonite'], 'bnc', 'conventional bentonite', 'compacted bentonite', 'comparative hydraulic barrier performance', 'chemical sensitivity', 'pb2', ['hydraulic barriers'], 'superior barrier performance', 'microstructural investigations', 'ph variation', 'hazardous landfills', 'mechanical stability', 'liner materials'] 

Reference 56: ['hydraulic barrier', 'hazardous leachate', 'organoclay', 'heavy metals', 'adsorption', 'bentonite'] 

TOP-K 57: [['thermal inversions'], 'bahía blanca', 'urban canyons', 'urban heat island effect', 'microclimatic rehabilitation strategies', 'weak synoptic flow', 'sustainable urban development', 'urban structure', 'low wind speeds', 'minimal cloud cover', 'different temporal scales', 'different time scales', 'central urban canyon', 'vertical distributions', 'clear skies'] 

Reference 57: ['urban morphology', 'vertical temperature-humidity profiles', 'thermal inversions', 'urban canyon microclimate'] 

TOP-K 58: [['alum sludge'], 'alum sludge content', 'aspcf', 'chemical oxygen demand', 'aqueous solutions', 'ph value', 'm5', 'cost-effective solution', 'key parameters', 'kg/m ³'] 

Reference 58: ['pharmaceuticals', 'pervious concrete filters', 'alum sludge', 'amoxicillin removal', 'wastewater treatment'] 

TOP-K 59: ['cp degradation efficiency', 'x-ray diffraction', 'bimetallic nico-mof', 'monometallic co-mof', 'infrared spectra', 'chelating agent', '.2 octane', 'dabco', 'physicochemical attributes', 'response surface methodology', 'satisfactory predictability', 'thorough characterization', 'various techniques'] 

Reference 59: ['аntibiotics', 'cefoperazone', 'nanomaterials', 'co-mof', 'nico-mof', 'photocatalytic degradation', 'water treatment'] 

TOP-K 60: ['rhizobial strains', 'santo amaro', 'soil contamination', 'pb contamination', 'strains', 'phytoextraction efficiency', 'bahia state', 'smelting activities', 'soil contamination levels', 'high metal contents', 'regulatory concentrations', 'severe case', 'significant interactions'] 

Reference 60: ['phytoremediation', 'heavy metals', 'trace elements', 'soil pollution', 'bradyrhizobium'] 

TOP-K 61: ['corn stover residues', 'rumen fluid microbiota', 'rumen inoculum', 'two-stage anaerobic digestion system', 'anaerobic biotreatment', 'rumen fluid', 'corn stover', ['anaerobic digester'], 'biogas production', 'cumulative biogas yields', 'ml/g vsadded', 'promising approach', 'daily basis'] 

Reference 61: ['agricultural residues', 'anaerobic digestion', 'biogas enhancement', 'lignocellulosic biomass hydrolysis', 'rumen microbiota'] 

TOP-K 62: ['biomedical waste', 'bmw incineration', 'incineration practices', 'greenhouse gas emissions', 'public health', 'disposal scenarios', 'economic impacts', 'significant threats', 'environment.improper disposal'] 

Reference 62: ['life cycle assessment', 'bottom ash', 'environmental impact assessment', 'flue gas', 'global warming'] 

TOP-K 63: [['economic growth'], 'environmental sustainability', ['technological innovation'], ['energy use'], ['load capacity factor'], ['globalization'], 'low-carbon economy', 'renewable energy production', 'clean technologies', 'appropriate policies', 'long run', 'positive effect', 'positive influence', 'negative implications'] 

Reference 63: ['technological innovation', 'load capacity factor', 'globalization', 'economic growth', 'energy use', 'sustainable development'] 

TOP-K 64: ['anthropogenic stressors', 'high-priority sub-basins', 'ungauged basins', 'gis-based f-ahp method', 'geoprocessing tools', 'hydrologic data', 'sa', 'geographic information system', 'environmental status', 'appropriate sampling sites', 'fuzzy analytic hierarchy', 'thorough sensitivity analysis', 'cost-effective tool', 'optimal sites', 'wqmn automatic stations.selection'] 

Reference 64: ['fuzzy-ahp', 'analytic hierarchy process', 'multi-criteria decision analysis', 'sensitivity analysis', 'water monitoring network', 'river monitoring', 'automatic stations'] 

TOP-K 65: ['ag/g-c 3n4 composite', 'simple one-step calcination method', 'pseudo-first-order kinetics', 'optical absorption', 'aqueous solution', 'ag/g-c 3n4', 'photocatalytic cr', 'charge separation efficacy', 'reduction', 'ag displays', 'vi'] 

Reference 65: ['photocatalytic cr(vi) reduction', 'ag/g-c3n4', 'hole scavenger', 'visible light irradiation', 'electron-hole pair recombination'] 

TOP-K 66: [['atrazine'], 'atrazine concentrations', 'cedar creek', 'simazine concentrations', 'herbicide concentrations', 'metolachlor concentrations', 'simazine usage', 'drinking water standards', 'decade-long watershed study', 'mean simazine concentrations', 'environmental factors', 'seasonal trends', 'conservation efforts', 'spring downward trends'] 

Reference 66: ['herbicides', 'water quality', 'time series analysis', 'conservation practices', 'atrazine', 'metolachlor', 'simazine'] 

TOP-K 67: ['zn', 'anthropogenic activities', ['biogeochemical cycles'], 'cryoconite material', 'garabashi glacier', 'glacier surface', 'hot-water extractable carbon', 'elbrus region', ['trace elements'], 'climate change', 'specific organomineral sediment', 'glacier retreat', 'environmental sustainability', 'diverse anthropogenic activities', 'total organic carbon'] 

Reference 67: ['glaciers', 'organomineral sediments', 'soils', 'organic carbon', 'biogeochemical cycles', 'trace elements'] 

TOP-K 68: ['rthrwfs', 'low filtration rate', 'rainwater', 'filtration systems', 'filtration technologies', 'sustainable filtration methodologies', 'long-term storage needs', 'roof runoff', ['first flush'], 'public awareness', 'future innovation', 'roof materials', 'potable use', 'diverse demands', 'public recognition'] 

Reference 68: ['bibliometric analysis', 'roof-top rainwater harvesting', 'rainwater quality', 'microbiological contamination', 'first flush'] 

TOP-K 69: ['electrospun polyurethane', 'heterogeneous fenton catalysts', 'fenton reaction', 'iron hydroxide sludge', 'ferric chloride', 'infrared spectroscopy', 'methylene blue', 'composite microfibrous membrane', 'scanning electron microscopy', 'fibrous electrospun pu', 'methyl orange', 'high activity', 'amine compounds', 'polymer substrates', 'heterogeneous fenton catalyst.electrospun membranes'] 

Reference 69: ['electrospinning', 'polyurethane', 'fenton catalyst', 'reaction kinetics', 'degradation'] 

TOP-K 70: ['anoxic aquatic system', 'high-resolution cryo-scanning electron microscopy', 'lac pavin monimolimnion', 'coagulation morphotypes', 'organic matter', 'organic carbon', 'trapping fe-phosphate grains', 'nanofiltered waters', 'organic material', 'doc concentrations', 'coagulated matter', 'cryo-hrsem images', 'netted threads', 'depth profiles', 'hand'] 

Reference 70: ['dissolved organic carbon (doc)', 'tangential ultrafiltration', 'cryo-hrsem', 'coagulated dissolved organic matter (dom)', '3d micromorphology', 'nanostructural gelation', 'monimolimnion', 'lac pavin'] 

TOP-K 71: [['cattails'], 'cellulose fibers', 'oil adsorption capacity', 'hydrothermal pretreatment', 'alkaline pretreatment', 'adsorbent materials', 'deep eutectic', 'cooking oil', 'htp', 'engine oil', 'raw cattail', 'palm oil', 'various oil types', 'various oils', 'optimum conditions'] 

Reference 71: ['cattail', 'hydrothermal-alkaline pretreatment', 'deep eutectic solvents', 'microfiber', 'oil adsorption'] 

TOP-K 72: ['texas-new mexico border', ['hydraulic fracturing'], 'tpw', 'west texas', 'tpw treatment', 'water production volumes', 'delaware basin', 'water shortages', 'treatment facilities', 'groundwater resources', 'consistent tpw origins', 'industry samples', 'midland basins', 'water demand', 'irrigation water shortage'] 

Reference 72: ['produced water management', 'saltwater disposal', 'unconventional formations', 'water chemistry', 'hydraulic fracturing'] 

TOP-K 73: ['single-use plastic items', 'mp contamination', 'source apportionment study', 'household plastic items', 'source apportionment', 'individual contributory score', 'environmental pollutant', 'mp particles', 'potential source items', 'drinking water', 'polymeric analysis', 'conduct morphological examinations', 'water samples', 'spatial distribution', 'high concentrations'] 

Reference 73: ['microplastics', 'spatial variation', 'ftir', 'pollution load index', 'relative contributory score'] 

TOP-K 74: [['klebsiella aerogenes'], 'gram-negative bacterium klebsiella aerogenes', 'mnp enzymes', 'rubber waste', ['natural rubber glove'], 'conventional waste management practices', 'biological degradation', 'similar studies', 'used chemical methods', 'recent years'] 

Reference 74: ['natural rubber glove', 'klebsiella aerogenes', 'biodegradation', 'devulcanization', 'waste to enzymes', 'rubber waste management'] 

TOP-K 75: ['kcc-1', 'kcc-1 nps', 'adsorption mechanism investigation', 'cv', 'fibrous porous silica nanoparticles', 'yoshida bonding', 'dipole-dipole interaction', 'hydrogen bonding', 'hydrothermal method', ['crystal violet'], 'electrostatic interactions', 'cv molecules', 'maximum adsorption capacity', 'pani', 'adsorption capacities'] 

Reference 75: ['mesoporous fibrous silica', 'polyaniline', 'hydrothermal synthesis', 'crystal violet', 'wastewater treatment'] 

TOP-K 76: ['herbicide 2,4-dichlorophenoxyacetic acid', ['cement kiln dust'], ['adsorption'], 'exhaust adsorbent', 'soil stabilization', '2,4-d', 'chemisorption mechanism', 'adsorption process', 'ckd', 'aqueous solution', 'cement industries', 'kinetics data', 'solid waste', 'g/100 ml', 'chemisorption nature'] 

Reference 76: ['adsorption', '2,4-dichlorophenoxyacetic acid', 'cement kiln dust', 'adsorption isotherm', 'kinetics'] 

TOP-K 77: ['yeongdong expressway', 'heavy metal pollution', 'zn', ['heavy metals'], 'heavy metal contamination', 'hu', 'heavy pollution', 'geo-accumulation index', ['sediments'], ['highways'], 'nemerow pollution index', 'single pollution index', 'vehicle releases', 'highway drainage', 'highway upline drainage'] 

Reference 77: ['highway', 'heavy metals', 'microplastics', 'pollution index', 'rest area', 'sediment'] 

TOP-K 78: ['us-assisted ec methods', 'us-assisted ec', 'tc removal', 'aqueous solutions', 'tc', 'fixed-frequency us-coupled ec process', 'ec method', 'ec process', 'aqueous samples', 'cod removal efficiencies', 'optimal operating criteria', 'different types'] 

Reference 78: ['electrocoagulation', 'ultrasound-assisted electrocoagulation', 'tetracycline remova', 'al-fe electrode', 'hybrid electrode', 'operation costs'] 

TOP-K 79: ['agtio3 nanoparticles', 'green synthesis', 'energy dispersive x-ray spectroscopy', 'liquid chromatography-mass spectrometry', 'water treatment systems', 'x-ray photoelectron spectroscopy', 'solar light irradiation', ['tetracycline'], 'high-performance liquid chromatography', 'photocatalytic activities', 'electron microscopy', ['chlorpyrifos'], 'transmission electron microscopy', 'photocatalytic mechanism', 'potential advancement avenue'] 

Reference 79: ['agtio3', 'ananas leaf', 'chlorpyrifos', 'near-infrared light', 'perovskite', 'photocatalysis', 'tetracycline'] 

TOP-K 80: ['ag-cnts/pvdf photothermal membrane', 'photothermal membranes', 'passive freshwater generation', 'continuous freshwater generation', 'organic matter resistance', 'effective water evaporation rate', 'evaporation rate', 'water crisis', 'eco-friendly solution', 'surface temperature', 'developed membrane', 'water source', 'harsh conditions', 'relative stability'] 

Reference 80: ['fouling', 'humic acid', 'carbon nanotubes', 'silver nanoparticles', 'solar-interfacial evaporation'] 

TOP-K 81: ['up-flow anaerobic sludge blanket', 'wastewater treatment technologies', 'wastewater treatment', 'oxidation pond', 'resource recovery', 'long-term reuse plans', 'physicochemical analysis', 'sludge process', 'fertilizer imports', 'pollution reduction', 'nutrient ratios', 'specific treatment technologies', 'reuse potential', 'sequencing batch reactor', 'bed biofilm reactor'] 

Reference 81: ['water quality', 'treated wastewater', 'reuse', 'resource utilization'] 

TOP-K 82: ['cuo-rgo nanocomposites', 'cuo-based nanocomposites', '1d multi-walled carbon nanotubes', 'degrading ammonium ions', 'uv light', 'mwcnts photocatalysts', 'uv illumination', '2d graphene oxide', 'effective photocatalytic activity', 'cuo-based rgo', 'annealing methods', 'mixed design ratios', 'wastewater treatment', 'promising approaches'] 

Reference 82: ['cuo nanoparticles', 'graphene oxide', 'multi-walled carbon nanotubes', 'uv irradiation', 'photocatalyst', 'ammonia'] 

TOP-K 83: ['tobramycin', ['plant-derived surfactants'], ['aminoglycoside antibiotics'], 'licorice extract', 'antibiotic-plant extract combinations', 'ph', 'synergistic effects', 'bacterial surface properties', 'aminoglycoside efficacy', 'antibacterial activity', 'various ph levels', 'natural adjuvants', 'study', 'membrane permeability', 'critical modulator'] 

Reference 83: ['aminoglycoside antibiotics', 'calendula (calendula officinalis)', 'escherichia coli', 'licorice (glycyrrhiza glabra l.)', 'ph modulation', 'plant-derived surfactants'] 

TOP-K 84: ['double-chamber microbial fuel cell', ['fruit wastes'], 'afw', 'mfc', 'mfc performance', 'pww', 'power generation performance', ['coulombic efficiency'], 'mango fruit waste', 'maximum power density', 'orange fruit waste', 'pfw', 'fruit waste additives', 'pineapple fruit waste', 'chemical oxygen demand'] 

Reference 84: ['bio-electricity', 'cod', 'coulombic efficiency', 'bod', 'fruit wastes', 'microbial fuel cell', 'pharmaceutical wastewater', 'box-behken design'] 

TOP-K 85: ['benzene', 'benzo', 'indeno 1,2,3-cd pyrene concentrations', 'polycyclic aromatic hydrocarbons', 'ethylbenzene', 'btex', 'pyrene', 'chrysene concentrations', 'benzo b fluoranthene', 'cancer risk', 'benzo k fluoranthene', 'possible carcinogenic risk', 'non-carcinogenic risk', 'pah concentrations', ['health risk assessment']] 

Reference 85: ['btex compounds', 'pah compounds', 'inhalation exposure', 'health risk assessment', 'burnt oil recycling factory'] 

TOP-K 86: ['sulphur-doped comn oxide', 'carbon-based materials', 'batch adsorption experiments', 'adsorption capacity', 'ph', 'sorbent dose', 'adsorptive properties', 'water systems', 'surface properties', 'sustainable solution', 'key parameters', 'optimal conditions', 'removal efficiency', 'powerful modification'] 

Reference 86: ['mesoporous adsorbent', 'alginate-derived carbon beads', 'methylene blue', 'adsorption', 'isotherm and kinetic studies', 'machine learning modeling'] 

TOP-K 87: ['sio2-chitin/moo3 nanocomposite', 'well-crystallized moo3 nanoparticles', 'mesoporous sio2-chitin/moo3', 'x-ray diffraction', 'amorphous sio2-chitin matrix', 'aqueous solutions', 'pb', 'effective removal potential', 'high stability', 'effective removal', 'primary mechanism', 'cu'] 

Reference 87: ['xps surface investigation', 'mesoporous nanocomposites', 'metal adsorption isotherm', 'adsorption thermodynamics', 'activation energy'] 

TOP-K 88: [['nanoparticles'], 'gastric fluid', 'oral ingestion risk', 'nanoparticle properties', 'physicochemical properties', 'health risk', 'reference dose', 'various sources', 'effect', 'mixture'] 

Reference 88: ['nanoparticles', 'in-vitro dissolution', 'mixture risk', 'human health risk', 'antibiotics'] 

TOP-K 89: ['canadian water quality guidelines', 'toronto region conservation authority', 'tss concentration levels', 'tss', 'tributaries', 'ontario', 'nottawasaga river', 'tp concentration levels', 'tp', 'great lakes basin', 'provincial water quality objectives', 'humber river', 'saugeen river', ['total phosphorus'], 'long-term trend'] 

Reference 89: ['wrtds_bt', 'trend analysis', 'total phosphorus', 'total suspended sediments', 'lake erie', 'lake huron', 'lake ontario'] 

TOP-K 90: ['ec-treated wastewater', 'secondary effluent water', 'ec', 'mps', 'ps', ['iron electrodes'], 'distilled water', 'ec.this study', 'pure water', 'efficient recovery', 'intermediate current densities', 'recovery rate', 'mg l', 'critical role', 'min'] 

Reference 90: ['emerging contaminant', 'electrolysis', 'colloidal particles', 'iron electrodes', 'removal efficiency'] 

TOP-K 91: ['soil physicochemical properties', 'sustainable management', 'apple orchard', 'grass cover', 'corn stover', 'soil properties', 'erosion processes', 'mulch use', 'rainfall simulator', 'hydrological response', 'experiment duration', ['element losses'], 'positive effects', 'mm h', 'precise results'] 

Reference 91: ['orchard management', 'element loss', 'soil cracking', 'seasonal soil variability', 'soil organic matter'] 

TOP-K 92: [['acid dyes'], 'adsorbents', 'synthetic adsorbents', 'practical adsorbents', 'toxic acid dyes', 'acid violet', 'high binding capacity', 'screening guide', 'low dosage', 'uptake capacity', 'final efficiency', 'mg/g', 'main aim'] 

Reference 92: ['high grade adsorbents', 'acid dyes', 'recycling', 'selection guide'] 

TOP-K 93: ['yermasoyia watershed', 'flood susceptibility', 'monte carlo', 'mc-ahp', 'multicriteria decision analysis', 'weight coefficients', 'known flood-prone locations', ['analytical hierarchical process'], 'flood occurrence', 'decision-making analysis', 'susceptibility scores', 'flood experts', 'study area', 'cumulative distribution function', 'pairwise element'] 

Reference 93: ['flooding', 'uncertainty analysis', 'monte carlo simulations', 'analytical hierarchical process', 'gis'] 

TOP-K 94: ['australian agricultural export earnings', 'australian agricultural export growth', 'global climate change', ['climate change'], ['environmental degradation'], ['co2 emissions'], 'environmental pollution', 'average yearly temperature increase', 'econometric estimation', 'export earnings', 'negative impacts', 'high importance', 'data period', 'exponential growth', 'predominant contributor'] 

Reference 94: ['climate change', 'environmental degradation', 'co2 emissions', 'agro export', 'australia'] 

TOP-K 95: [['wüstebach catchment'], 'local groundwater-surface water interactions', 'groundwater interactions', 'mitigating drought vulnerability', 'ec measurements', 'gradual downstream dilution', 'groundwater level patterns', 'multi-method approach', 'shallow groundwater', 'main stream', 'ec values', 'vital role'] 

Reference 95: ['groundwater-surface water interactions', 'groundwater-dependent ecosystems', 'electrical conductivity', 'stream discharge', 'headwater catchments', 'wüstebach catchment'] 

TOP-K 96: [['baseflow estimation methods'], 'baseflow estimation', 'salient baseflow estimation techniques', 'river basin', 'bflow program', 'northern india', 'visual inspection', 'comparative evaluation', ['baseflow index'], 'methods'] 

Reference 96: ['streamflow characterization', 'baseflow estimation methods', 'relative evaluation', 'verification of the methods', 'baseflow index', 'goodness-of-fit criteria', 'himalayan region'] 

TOP-K 97: [['flood vulnerability'], ['flood hazard'], 'flood hazard index', 'vulnerable areas', 'sensitivity analysis', 'flood impacts', 'flood vulnerability index', 'causality diagram', 'essential insights', 'ill-defined nature', 'first diagram', 'effective approaches', 'effective weights'] 

Reference 97: ['flood risk', 'flood hazard', 'flood vulnerability', 'gis', 'graph theory', 'dematel'] 

TOP-K 98: [['pocket parks'], 'sustainable drainage systems', 'small-scale rain garden', 'permeable pavement zone', 'low-income neighborhood', ['pocket park'], 'rainwater management works', 'urban areas', 'application proposal', 'suds components', 'available lot', 'urban equipment', 'historical center', 'preliminary estimate'] 

Reference 98: ['densely built area', 'rain run-off', 'rain garden', 'permeable pavement', 'pocket park', 'sustainable drainage systems (suds)'] 

TOP-K 99: ['daily non-recording rain gauge', 'high rainfall intensity', 'rainfall intensity', 'arg100', 'rainfall data', ['data logger'], 'rg20', 'rg28', 'hydrological stations', 'rural areas', 'time intervals', 'bucket rain gauge', 'automatic gauge', 'reliable rain', 'variations'] 

Reference 99: ['tipping bucket rain gauge', 'data logger', 'electronic board', 'arduino uno', 'raspberry pi', 'athens'] 


N=5
P=0.122
R=0.10701754385964912
F1=0.11401869158878504


N=10
P=0.0980980980980981
R=0.17192982456140352
F1=0.12492033142128746


N=15
P=0.07818930041152264
R=0.2
F1=0.11242603550295857

max_len: 512
temp_en: Book:
temp_de: This book mainly talks about 
model: base
enable_filter: True
enable_pos: True
position_factor: 120000000.0
length_factor: 0.6
Processing time: 36.9121789932251
