ab
P@5:0.104 R@5:0.0912280701754386 F1@5:0.097196261682243
P@10:0.076 R@10:0.13333333333333333 F1@10:0.09681528662420383
P@15:0.06933333333333333 R@15:0.1824561403508772 F1@15:0.10048309178743961
ht
P@5:0.112 R@5:0.09824561403508772 F1@5:0.10467289719626167
P@10:0.08401639344262295 R@10:0.14385964912280702 F1@10:0.10608020698576973
P@15:0.07009345794392523 R@15:0.15789473684210525 F1@15:0.09708737864077668
ah
P@5:0.12 R@5:0.10526315789473684 F1@5:0.11214953271028036
P@10:0.095 R@10:0.16666666666666666 F1@10:0.12101910828025476
P@15:0.07933333333333334 R@15:0.20877192982456141 F1@15:0.11497584541062802
ha
P@5:0.13 R@5:0.11403508771929824 F1@5:0.12149532710280374
P@10:0.098 R@10:0.17192982456140352 F1@10:0.12484076433121019
P@15:0.082 R@15:0.21578947368421053 F1@15:0.11884057971014492
reserve_4
ab
P@5:0.108 R@5:0.09473684210526316 F1@5:0.10093457943925234
P@10:0.084 R@10:0.14736842105263157 F1@10:0.1070063694267516
P@15:0.068 R@15:0.17894736842105263 F1@15:0.09855072463768116
aht
P@5:0.126 R@5:0.11052631578947368 F1@5:0.11775700934579439
P@10:0.104 R@10:0.1824561403508772 F1@10:0.13248407643312102
P@15:0.08533333333333333 R@15:0.22456140350877193 F1@15:0.12367149758454105
hat
P@5:0.132 R@5:0.11578947368421053 F1@5:0.12336448598130842
P@10:0.099 R@10:0.1736842105263158 F1@10:0.1261146496815287
P@15:0.082 R@15:0.21578947368421053 F1@15:0.11884057971014492
reserve_5
ab
P@5:0.108 R@5:0.09473684210526316 F1@5:0.10093457943925234
P@10:0.084 R@10:0.14736842105263157 F1@10:0.1070063694267516
P@15:0.06933333333333333 R@15:0.1824561403508772 F1@15:0.10048309178743961
aht
P@5:0.126 R@5:0.11052631578947368 F1@5:0.11775700934579439
P@10:0.106 R@10:0.18596491228070175 F1@10:0.13503184713375796
P@15:0.08733333333333333 R@15:0.22982456140350876 F1@15:0.12657004830917873
hat
P@5:0.138 R@5:0.12105263157894737 F1@5:0.12897196261682242
P@10:0.097 R@10:0.17017543859649123 F1@10:0.12356687898089173
P@15:0.08133333333333333 R@15:0.21403508771929824 F1@15:0.1178743961352657
reserve_6
ab
P@5:0.106 R@5:0.09298245614035087 F1@5:0.09906542056074767
P@10:0.084 R@10:0.14736842105263157 F1@10:0.1070063694267516
P@15:0.07133333333333333 R@15:0.18771929824561404 F1@15:0.10338164251207729
aht
P@5:0.128 R@5:0.11228070175438597 F1@5:0.11962616822429906
P@10:0.104 R@10:0.1824561403508772 F1@10:0.13248407643312102
P@15:0.086 R@15:0.22631578947368422 F1@15:0.12463768115942028
hat
P@5:0.132 R@5:0.11578947368421053 F1@5:0.12336448598130842
P@10:0.097 R@10:0.17017543859649123 F1@10:0.12356687898089173
P@15:0.08266666666666667 R@15:0.21754385964912282 F1@15:0.11980676328502417
reserve_7
ab
P@5:0.104 R@5:0.0912280701754386 F1@5:0.097196261682243
P@10:0.0864321608040201 R@10:0.15087719298245614 F1@10:0.10990415335463258
P@15:0.07162162162162163 R@15:0.18596491228070175 F1@15:0.10341463414634146
aht
P@5:0.128 R@5:0.11228070175438597 F1@5:0.11962616822429906
P@10:0.101 R@10:0.17719298245614035 F1@10:0.12866242038216563
P@15:0.086 R@15:0.22631578947368422 F1@15:0.12463768115942028
hat
P@5:0.134 R@5:0.11754385964912281 F1@5:0.12523364485981306
P@10:0.095 R@10:0.16666666666666666 F1@10:0.12101910828025476
P@15:0.082 R@15:0.21578947368421053 F1@15:0.11884057971014492
reserve_8
ab
P@5:0.10240963855421686 R@5:0.08947368421052632 F1@5:0.09550561797752809
P@10:0.08673469387755102 R@10:0.14912280701754385 F1@10:0.1096774193548387
P@15:0.07128027681660899 R@15:0.18070175438596492 F1@15:0.1022332506203474
aht
P@5:0.124 R@5:0.10877192982456141 F1@5:0.11588785046728972
P@10:0.099 R@10:0.1736842105263158 F1@10:0.1261146496815287
P@15:0.0875668449197861 R@15:0.22982456140350876 F1@15:0.12681510164569215
hat
P@5:0.13 R@5:0.11403508771929824 F1@5:0.12149532710280374
P@10:0.093 R@10:0.1631578947368421 F1@10:0.11847133757961782
P@15:0.08093645484949832 R@15:0.21228070175438596 F1@15:0.11719128329297822
