ab
P@5:0.094 R@5:0.0824561403508772 F1@5:0.08785046728971964
P@10:0.075 R@10:0.13157894736842105 F1@10:0.09554140127388536
P@15:0.06333333333333334 R@15:0.16666666666666666 F1@15:0.09178743961352658
ht
P@5:0.116 R@5:0.10175438596491228 F1@5:0.10841121495327102
P@10:0.08709016393442623 R@10:0.14912280701754385 F1@10:0.10996119016817593
P@15:0.07009345794392523 R@15:0.15789473684210525 F1@15:0.09708737864077668
ah
P@5:0.124 R@5:0.10877192982456141 F1@5:0.11588785046728972
P@10:0.094 R@10:0.1649122807017544 F1@10:0.1197452229299363
P@15:0.08 R@15:0.21052631578947367 F1@15:0.11594202898550725
ha
P@5:0.122 R@5:0.10701754385964912 F1@5:0.11401869158878504
P@10:0.094 R@10:0.1649122807017544 F1@10:0.1197452229299363
P@15:0.08 R@15:0.21052631578947367 F1@15:0.11594202898550725

reserve_4
ab
P@5:0.084 R@5:0.07368421052631578 F1@5:0.07850467289719626
P@10:0.071 R@10:0.12456140350877193 F1@10:0.09044585987261146
P@15:0.066 R@15:0.1736842105263158 F1@15:0.09565217391304348
aht
P@5:0.13 R@5:0.11403508771929824 F1@5:0.12149532710280374
P@10:0.091 R@10:0.15964912280701754 F1@10:0.11592356687898088
P@15:0.08266666666666667 R@15:0.21754385964912282 F1@15:0.11980676328502417
hat
P@5:0.13 R@5:0.11403508771929824 F1@5:0.12149532710280374
P@10:0.091 R@10:0.15964912280701754 F1@10:0.11592356687898088
P@15:0.08266666666666667 R@15:0.21754385964912282 F1@15:0.11980676328502417

reserve_5
ab
P@5:0.092 R@5:0.08070175438596491 F1@5:0.08598130841121496
P@10:0.074 R@10:0.12982456140350876 F1@10:0.09426751592356687
P@15:0.06866666666666667 R@15:0.18070175438596492 F1@15:0.09951690821256039
aht
P@5:0.13 R@5:0.11403508771929824 F1@5:0.12149532710280374
P@10:0.094 R@10:0.1649122807017544 F1@10:0.1197452229299363
P@15:0.08466666666666667 R@15:0.22280701754385965 F1@15:0.12270531400966184
hat
P@5:0.13 R@5:0.11403508771929824 F1@5:0.12149532710280374
P@10:0.094 R@10:0.1649122807017544 F1@10:0.1197452229299363
P@15:0.08266666666666667 R@15:0.21754385964912282 F1@15:0.11980676328502417

reserve_6
ab
P@5:0.088 R@5:0.07719298245614035 F1@5:0.08224299065420561
P@10:0.071 R@10:0.12456140350877193 F1@10:0.09044585987261146
P@15:0.06533333333333333 R@15:0.17192982456140352 F1@15:0.09468599033816424
aht
P@5:0.126 R@5:0.11052631578947368 F1@5:0.11775700934579439
P@10:0.092 R@10:0.16140350877192983 F1@10:0.11719745222929935
P@15:0.08133333333333333 R@15:0.21403508771929824 F1@15:0.1178743961352657
hat
P@5:0.126 R@5:0.11052631578947368 F1@5:0.11775700934579439
P@10:0.092 R@10:0.16140350877192983 F1@10:0.11719745222929935
P@15:0.08066666666666666 R@15:0.21228070175438596 F1@15:0.11690821256038648

reserve_7
ab
P@5:0.094 R@5:0.0824561403508772 F1@5:0.08785046728971964
P@10:0.07236180904522613 R@10:0.12631578947368421 F1@10:0.09201277955271565
P@15:0.06283783783783783 R@15:0.1631578947368421 F1@15:0.09073170731707317
aht
P@5:0.13 R@5:0.11403508771929824 F1@5:0.12149532710280374
P@10:0.093 R@10:0.1631578947368421 F1@10:0.11847133757961782
P@15:0.07866666666666666 R@15:0.20701754385964913 F1@15:0.11400966183574879
hat
P@5:0.128 R@5:0.11228070175438597 F1@5:0.11962616822429906
P@10:0.093 R@10:0.1631578947368421 F1@10:0.11847133757961782
P@15:0.078 R@15:0.20526315789473684 F1@15:0.11304347826086958

reserve_8
ab
P@5:0.0963855421686747 R@5:0.08421052631578947 F1@5:0.0898876404494382
P@10:0.07142857142857142 R@10:0.12280701754385964 F1@10:0.09032258064516129
P@15:0.06366782006920416 R@15:0.16140350877192983 F1@15:0.09131513647642679
aht
P@5:0.128 R@5:0.11228070175438597 F1@5:0.11962616822429906
P@10:0.093 R@10:0.1631578947368421 F1@10:0.11847133757961782
P@15:0.07820855614973261 R@15:0.20526315789473684 F1@15:0.11326234269119069
hat
P@5:0.126 R@5:0.11052631578947368 F1@5:0.11775700934579439
P@10:0.093 R@10:0.1631578947368421 F1@10:0.11847133757961782
P@15:0.07759197324414716 R@15:0.20350877192982456 F1@15:0.11234866828087167
